Archive member included to satisfy reference by file (symbol)

c:/st/stm32cubeide_1.10.1/stm32cubeide/plugins/com.st.stm32cube.ide.mcu.externaltools.gnu-tools-for-stm32.10.3-2021.10.win32_1.0.0.202111181127/tools/bin/../lib/gcc/arm-none-eabi/10.3.1/../../../../arm-none-eabi/lib/thumb/v6-m/nofp\libc_nano.a(lib_a-errno.o)
                              ./Core/Src/syscalls.o (__errno)
c:/st/stm32cubeide_1.10.1/stm32cubeide/plugins/com.st.stm32cube.ide.mcu.externaltools.gnu-tools-for-stm32.10.3-2021.10.win32_1.0.0.202111181127/tools/bin/../lib/gcc/arm-none-eabi/10.3.1/../../../../arm-none-eabi/lib/thumb/v6-m/nofp\libc_nano.a(lib_a-exit.o)
                              c:/st/stm32cubeide_1.10.1/stm32cubeide/plugins/com.st.stm32cube.ide.mcu.externaltools.gnu-tools-for-stm32.10.3-2021.10.win32_1.0.0.202111181127/tools/bin/../lib/gcc/arm-none-eabi/10.3.1/../../../../arm-none-eabi/lib/thumb/v6-m/nofp/crt0.o (exit)
c:/st/stm32cubeide_1.10.1/stm32cubeide/plugins/com.st.stm32cube.ide.mcu.externaltools.gnu-tools-for-stm32.10.3-2021.10.win32_1.0.0.202111181127/tools/bin/../lib/gcc/arm-none-eabi/10.3.1/../../../../arm-none-eabi/lib/thumb/v6-m/nofp\libc_nano.a(lib_a-impure.o)
                              c:/st/stm32cubeide_1.10.1/stm32cubeide/plugins/com.st.stm32cube.ide.mcu.externaltools.gnu-tools-for-stm32.10.3-2021.10.win32_1.0.0.202111181127/tools/bin/../lib/gcc/arm-none-eabi/10.3.1/../../../../arm-none-eabi/lib/thumb/v6-m/nofp\libc_nano.a(lib_a-exit.o) (_global_impure_ptr)
c:/st/stm32cubeide_1.10.1/stm32cubeide/plugins/com.st.stm32cube.ide.mcu.externaltools.gnu-tools-for-stm32.10.3-2021.10.win32_1.0.0.202111181127/tools/bin/../lib/gcc/arm-none-eabi/10.3.1/../../../../arm-none-eabi/lib/thumb/v6-m/nofp\libc_nano.a(lib_a-init.o)
                              c:/st/stm32cubeide_1.10.1/stm32cubeide/plugins/com.st.stm32cube.ide.mcu.externaltools.gnu-tools-for-stm32.10.3-2021.10.win32_1.0.0.202111181127/tools/bin/../lib/gcc/arm-none-eabi/10.3.1/../../../../arm-none-eabi/lib/thumb/v6-m/nofp/crt0.o (__libc_init_array)
c:/st/stm32cubeide_1.10.1/stm32cubeide/plugins/com.st.stm32cube.ide.mcu.externaltools.gnu-tools-for-stm32.10.3-2021.10.win32_1.0.0.202111181127/tools/bin/../lib/gcc/arm-none-eabi/10.3.1/../../../../arm-none-eabi/lib/thumb/v6-m/nofp\libc_nano.a(lib_a-memcpy-stub.o)
                              ./VL53L1X/Src/vl53l1_platform.o (memcpy)
c:/st/stm32cubeide_1.10.1/stm32cubeide/plugins/com.st.stm32cube.ide.mcu.externaltools.gnu-tools-for-stm32.10.3-2021.10.win32_1.0.0.202111181127/tools/bin/../lib/gcc/arm-none-eabi/10.3.1/../../../../arm-none-eabi/lib/thumb/v6-m/nofp\libc_nano.a(lib_a-memset.o)
                              c:/st/stm32cubeide_1.10.1/stm32cubeide/plugins/com.st.stm32cube.ide.mcu.externaltools.gnu-tools-for-stm32.10.3-2021.10.win32_1.0.0.202111181127/tools/bin/../lib/gcc/arm-none-eabi/10.3.1/../../../../arm-none-eabi/lib/thumb/v6-m/nofp/crt0.o (memset)
c:/st/stm32cubeide_1.10.1/stm32cubeide/plugins/com.st.stm32cube.ide.mcu.externaltools.gnu-tools-for-stm32.10.3-2021.10.win32_1.0.0.202111181127/tools/bin/../lib/gcc/arm-none-eabi/10.3.1/../../../../arm-none-eabi/lib/thumb/v6-m/nofp\libc_nano.a(lib_a-sprintf.o)
                              ./Core/Src/main.o (sprintf)
c:/st/stm32cubeide_1.10.1/stm32cubeide/plugins/com.st.stm32cube.ide.mcu.externaltools.gnu-tools-for-stm32.10.3-2021.10.win32_1.0.0.202111181127/tools/bin/../lib/gcc/arm-none-eabi/10.3.1/../../../../arm-none-eabi/lib/thumb/v6-m/nofp\libc_nano.a(lib_a-strlen.o)
                              ./Core/Src/main.o (strlen)
c:/st/stm32cubeide_1.10.1/stm32cubeide/plugins/com.st.stm32cube.ide.mcu.externaltools.gnu-tools-for-stm32.10.3-2021.10.win32_1.0.0.202111181127/tools/bin/../lib/gcc/arm-none-eabi/10.3.1/../../../../arm-none-eabi/lib/thumb/v6-m/nofp\libc_nano.a(lib_a-nano-svfprintf.o)
                              c:/st/stm32cubeide_1.10.1/stm32cubeide/plugins/com.st.stm32cube.ide.mcu.externaltools.gnu-tools-for-stm32.10.3-2021.10.win32_1.0.0.202111181127/tools/bin/../lib/gcc/arm-none-eabi/10.3.1/../../../../arm-none-eabi/lib/thumb/v6-m/nofp\libc_nano.a(lib_a-sprintf.o) (_svfprintf_r)
c:/st/stm32cubeide_1.10.1/stm32cubeide/plugins/com.st.stm32cube.ide.mcu.externaltools.gnu-tools-for-stm32.10.3-2021.10.win32_1.0.0.202111181127/tools/bin/../lib/gcc/arm-none-eabi/10.3.1/../../../../arm-none-eabi/lib/thumb/v6-m/nofp\libc_nano.a(lib_a-nano-vfprintf_i.o)
                              c:/st/stm32cubeide_1.10.1/stm32cubeide/plugins/com.st.stm32cube.ide.mcu.externaltools.gnu-tools-for-stm32.10.3-2021.10.win32_1.0.0.202111181127/tools/bin/../lib/gcc/arm-none-eabi/10.3.1/../../../../arm-none-eabi/lib/thumb/v6-m/nofp\libc_nano.a(lib_a-nano-svfprintf.o) (_printf_i)
c:/st/stm32cubeide_1.10.1/stm32cubeide/plugins/com.st.stm32cube.ide.mcu.externaltools.gnu-tools-for-stm32.10.3-2021.10.win32_1.0.0.202111181127/tools/bin/../lib/gcc/arm-none-eabi/10.3.1/../../../../arm-none-eabi/lib/thumb/v6-m/nofp\libc_nano.a(lib_a-memchr-stub.o)
[...]
Memory Configuration

Name             Origin             Length             Attributes
RAM              0x0000000020000000 0x0000000000002000 xrw
FLASH            0x0000000008000000 0x0000000000010000 xr
*default*        0x0000000000000000 0xffffffffffffffff

Linker script and memory map

LOAD c:/st/stm32cubeide_1.10.1/stm32cubeide/plugins/com.st.stm32cube.ide.mcu.externaltools.gnu-tools-for-stm32.10.3-2021.10.win32_1.0.0.202111181127/tools/bin/../lib/gcc/arm-none-eabi/10.3.1/thumb/v6-m/nofp/crti.o
LOAD c:/st/stm32cubeide_1.10.1/stm32cubeide/plugins/com.st.stm32cube.ide.mcu.externaltools.gnu-tools-for-stm32.10.3-2021.10.win32_1.0.0.202111181127/tools/bin/../lib/gcc/arm-none-eabi/10.3.1/thumb/v6-m/nofp/crtbegin.o
LOAD c:/st/stm32cubeide_1.10.1/stm32cubeide/plugins/com.st.stm32cube.ide.mcu.externaltools.gnu-tools-for-stm32.10.3-2021.10.win32_1.0.0.202111181127/tools/bin/../lib/gcc/arm-none-eabi/10.3.1/../../../../arm-none-eabi/lib/thumb/v6-m/nofp/crt0.o
LOAD ./Core/Src/gpio.o
LOAD ./Core/Src/i2c.o
LOAD ./Core/Src/main.o
LOAD ./Core/Src/stm32f0xx_hal_msp.o
LOAD ./Core/Src/stm32f0xx_it.o
LOAD ./Core/Src/syscalls.o
LOAD ./Core/Src/sysmem.o
LOAD ./Core/Src/system_stm32f0xx.o
LOAD ./Core/Src/tim.o
LOAD ./Core/Src/usart.o
LOAD ./Core/Startup/startup_stm32f030r8tx.o
LOAD ./Drivers/STM32F0xx_HAL_Driver/Src/stm32f0xx_hal.o
LOAD ./Drivers/STM32F0xx_HAL_Driver/Src/stm32f0xx_hal_cortex.o
LOAD ./Drivers/STM32F0xx_HAL_Driver/Src/stm32f0xx_hal_dma.o
LOAD ./Drivers/STM32F0xx_HAL_Driver/Src/stm32f0xx_hal_exti.o
LOAD ./Drivers/STM32F0xx_HAL_Driver/Src/stm32f0xx_hal_flash.o
LOAD ./Drivers/STM32F0xx_HAL_Driver/Src/stm32f0xx_hal_flash_ex.o
LOAD ./Drivers/STM32F0xx_HAL_Driver/Src/stm32f0xx_hal_gpio.o
LOAD ./Drivers/STM32F0xx_HAL_Driver/Src/stm32f0xx_hal_i2c.o
LOAD ./Drivers/STM32F0xx_HAL_Driver/Src/stm32f0xx_hal_i2c_ex.o
LOAD ./Drivers/STM32F0xx_HAL_Driver/Src/stm32f0xx_hal_pwr.o
LOAD ./Drivers/STM32F0xx_HAL_Driver/Src/stm32f0xx_hal_pwr_ex.o
LOAD ./Drivers/STM32F0xx_HAL_Driver/Src/stm32f0xx_hal_rcc.o
LOAD ./Drivers/STM32F0xx_HAL_Driver/Src/stm32f0xx_hal_rcc_ex.o
LOAD ./Drivers/STM32F0xx_HAL_Driver/Src/stm32f0xx_hal_tim.o
LOAD ./Drivers/STM32F0xx_HAL_Driver/Src/stm32f0xx_hal_tim_ex.o
LOAD ./Drivers/STM32F0xx_HAL_Driver/Src/stm32f0xx_hal_uart.o
LOAD ./Drivers/STM32F0xx_HAL_Driver/Src/stm32f0xx_hal_uart_ex.o
LOAD ./VL53L1X/Src/VL53L1X_api.o
LOAD ./VL53L1X/Src/VL53L1X_calibration.o
LOAD ./VL53L1X/Src/vl53l1_platform.o
LOAD ./VL53L1X/VL53L1X.o
START GROUP
LOAD c:/st/stm32cubeide_1.10.1/stm32cubeide/plugins/com.st.stm32cube.ide.mcu.externaltools.gnu-tools-for-stm32.10.3-2021.10.win32_1.0.0.202111181127/tools/bin/../lib/gcc/arm-none-eabi/10.3.1/../../../../arm-none-eabi/lib/thumb/v6-m/nofp\libc_nano.a
LOAD c:/st/stm32cubeide_1.10.1/stm32cubeide/plugins/com.st.stm32cube.ide.mcu.externaltools.gnu-tools-for-stm32.10.3-2021.10.win32_1.0.0.202111181127/tools/bin/../lib/gcc/arm-none-eabi/10.3.1/../../../../arm-none-eabi/lib/thumb/v6-m/nofp\libm.a
END GROUP
START GROUP
LOAD c:/st/stm32cubeide_1.10.1/stm32cubeide/plugins/com.st.stm32cube.ide.mcu.externaltools.gnu-tools-for-stm32.10.3-2021.10.win32_1.0.0.202111181127/tools/bin/../lib/gcc/arm-none-eabi/10.3.1/thumb/v6-m/nofp\libgcc.a
LOAD c:/st/stm32cubeide_1.10.1/stm32cubeide/plugins/com.st.stm32cube.ide.mcu.externaltools.gnu-tools-for-stm32.10.3-2021.10.win32_1.0.0.202111181127/tools/bin/../lib/gcc/arm-none-eabi/10.3.1/../../../../arm-none-eabi/lib/thumb/v6-m/nofp\libc_nano.a
END GROUP
START GROUP
LOAD c:/st/stm32cubeide_1.10.1/stm32cubeide/plugins/com.st.stm32cube.ide.mcu.externaltools.gnu-tools-for-stm32.10.3-2021.10.win32_1.0.0.202111181127/tools/bin/../lib/gcc/arm-none-eabi/10.3.1/thumb/v6-m/nofp\libgcc.a
LOAD c:/st/stm32cubeide_1.10.1/stm32cubeide/plugins/com.st.stm32cube.ide.mcu.externaltools.gnu-tools-for-stm32.10.3-2021.10.win32_1.0.0.202111181127/tools/bin/../lib/gcc/arm-none-eabi/10.3.1/../../../../arm-none-eabi/lib/thumb/v6-m/nofp\libc_nano.a
LOAD c:/st/stm32cubeide_1.10.1/stm32cubeide/plugins/com.st.stm32cube.ide.mcu.externaltools.gnu-tools-for-stm32.10.3-2021.10.win32_1.0.0.202111181127/tools/bin/../lib/gcc/arm-none-eabi/10.3.1/../../../../arm-none-eabi/lib/thumb/v6-m/nofp\libnosys.a
END GROUP
START GROUP
LOAD c:/st/stm32cubeide_1.10.1/stm32cubeide/plugins/com.st.stm32cube.ide.mcu.externaltools.gnu-tools-for-stm32.10.3-2021.10.win32_1.0.0.202111181127/tools/bin/../lib/gcc/arm-none-eabi/10.3.1/thumb/v6-m/nofp\libgcc.a
LOAD c:/st/stm32cubeide_1.10.1/stm32cubeide/plugins/com.st.stm32cube.ide.mcu.externaltools.gnu-tools-for-stm32.10.3-2021.10.win32_1.0.0.202111181127/tools/bin/../lib/gcc/arm-none-eabi/10.3.1/../../../../arm-none-eabi/lib/thumb/v6-m/nofp\libc_nano.a
LOAD c:/st/stm32cubeide_1.10.1/stm32cubeide/plugins/com.st.stm32cube.ide.mcu.externaltools.gnu-tools-for-stm32.10.3-2021.10.win32_1.0.0.202111181127/tools/bin/../lib/gcc/arm-none-eabi/10.3.1/../../../../arm-none-eabi/lib/thumb/v6-m/nofp\libnosys.a
END GROUP
LOAD c:/st/stm32cubeide_1.10.1/stm32cubeide/plugins/com.st.stm32cube.ide.mcu.externaltools.gnu-tools-for-stm32.10.3-2021.10.win32_1.0.0.202111181127/tools/bin/../lib/gcc/arm-none-eabi/10.3.1/thumb/v6-m/nofp/crtend.o
LOAD c:/st/stm32cubeide_1.10.1/stm32cubeide/plugins/com.st.stm32cube.ide.mcu.externaltools.gnu-tools-for-stm32.10.3-2021.10.win32_1.0.0.202111181127/tools/bin/../lib/gcc/arm-none-eabi/10.3.1/thumb/v6-m/nofp/crtn.o
                0x0000000020002000                _estack = (ORIGIN (RAM) + LENGTH (RAM))
                0x0000000000000200                _Min_Heap_Size = 0x200
                0x0000000000000400                _Min_Stack_Size = 0x400

.isr_vector     0x0000000008000000       0xc0
                0x0000000008000000                . = ALIGN (0x4)
 *(.isr_vector)
 .isr_vector    0x0000000008000000       0xc0 ./Core/Startup/startup_stm32f030r8tx.o
                0x0000000008000000                g_pfnVectors
                0x00000000080000c0                . = ALIGN (0x4)

.text           0x00000000080000c0     0x4ac8
                0x00000000080000c0                . = ALIGN (0x4)
 *(.text)
 .text          0x00000000080000c0       0x48 c:/st/stm32cubeide_1.10.1/stm32cubeide/plugins/com.st.stm32cube.ide.mcu.externaltools.gnu-tools-for-stm32.10.3-2021.10.win32_1.0.0.202111181127/tools/bin/../lib/gcc/arm-none-eabi/10.3.1/thumb/v6-m/nofp/crtbegin.o
 .text          0x0000000008000108        0xe c:/st/stm32cubeide_1.10.1/stm32cubeide/plugins/com.st.stm32cube.ide.mcu.externaltools.gnu-tools-for-stm32.10.3-2021.10.win32_1.0.0.202111181127/tools/bin/../lib/gcc/arm-none-eabi/10.3.1/../../../../arm-none-eabi/lib/thumb/v6-m/nofp\libc_nano.a(lib_a-strlen.o)
                0x0000000008000108                strlen
 *fill*         0x0000000008000116        0x2 
 .text          0x0000000008000118       0x14 c:/st/stm32cubeide_1.10.1/stm32cubeide/plugins/com.st.stm32cube.ide.mcu.externaltools.gnu-tools-for-stm32.10.3-2021.10.win32_1.0.0.202111181127/tools/bin/../lib/gcc/arm-none-eabi/10.3.1/thumb/v6-m/nofp\libgcc.a(_thumb1_case_shi.o)
                0x0000000008000118                __gnu_thumb1_case_shi
 .text          0x000000000800012c      0x114 c:/st/stm32cubeide_1.10.1/stm32cubeide/plugins/com.st.stm32cube.ide.mcu.externaltools.gnu-tools-for-stm32.10.3-2021.10.win32_1.0.0.202111181127/tools/bin/../lib/gcc/arm-none-eabi/10.3.1/thumb/v6-m/nofp\libgcc.a(_udivsi3.o)
                0x000000000800012c                __aeabi_uidiv
                0x000000000800012c                __udivsi3
                0x0000000008000238                __aeabi_uidivmod
 .text          0x0000000008000240        0x4 c:/st/stm32cubeide_1.10.1/stm32cubeide/plugins/com.st.stm32cube.ide.mcu.externaltools.gnu-tools-for-stm32.10.3-2021.10.win32_1.0.0.202111181127/tools/bin/../lib/gcc/arm-none-eabi/10.3.1/thumb/v6-m/nofp\libgcc.a(_dvmd_tls.o)
                0x0000000008000240                __aeabi_idiv0
                0x0000000008000240                __aeabi_ldiv0
 *(.text*)
 .text.MX_GPIO_Init
                0x0000000008000244      0x158 ./Core/Src/gpio.o
                0x0000000008000244                MX_GPIO_Init
 .text.MX_I2C1_Init
                0x000000000800039c       0x80 ./Core/Src/i2c.o
                0x000000000800039c                MX_I2C1_Init
 .text.HAL_I2C_MspInit
                0x000000000800041c       0x9c ./Core/Src/i2c.o
                0x000000000800041c                HAL_I2C_MspInit
 .text.init     0x00000000080004b8       0xc4 ./Core/Src/main.o
                0x00000000080004b8                init
 .text.correct  0x000000000800057c       0x80 ./Core/Src/main.o
                0x000000000800057c                correct
 .text.drive_by_servo
                0x00000000080005fc      0x104 ./Core/Src/main.o
                0x00000000080005fc                drive_by_servo
 .text.sense    0x0000000008000700       0x54 ./Core/Src/main.o
                0x0000000008000700                sense
 .text.plan     0x0000000008000754        0xe ./Core/Src/main.o
                0x0000000008000754                plan
 *fill*         0x0000000008000762        0x2 
 .text.act      0x0000000008000764       0xbc ./Core/Src/main.o
                0x0000000008000764                act
 .text.main     0x0000000008000820       0x32 ./Core/Src/main.o
                0x0000000008000820                main
 .text.SystemClock_Config
                0x0000000008000852       0xc2 ./Core/Src/main.o
                0x0000000008000852                SystemClock_Config
 .text.Error_Handler
                0x0000000008000914        0xa ./Core/Src/main.o
                0x0000000008000914                Error_Handler
 *fill*         0x000000000800091e        0x2 
 .text.HAL_MspInit
                0x0000000008000920       0x48 ./Core/Src/stm32f0xx_hal_msp.o
                0x0000000008000920                HAL_MspInit
 .text.NMI_Handler
                0x0000000008000968        0x6 ./Core/Src/stm32f0xx_it.o
                0x0000000008000968                NMI_Handler
 .text.HardFault_Handler
                0x000000000800096e        0x6 ./Core/Src/stm32f0xx_it.o
                0x000000000800096e                HardFault_Handler
 .text.SVC_Handler
                0x0000000008000974        0xa ./Core/Src/stm32f0xx_it.o
                0x0000000008000974                SVC_Handler
 .text.PendSV_Handler
                0x000000000800097e        0xa ./Core/Src/stm32f0xx_it.o
                0x000000000800097e                PendSV_Handler
 .text.SysTick_Handler
                0x0000000008000988        0xe ./Core/Src/stm32f0xx_it.o
                0x0000000008000988                SysTick_Handler
 *fill*         0x0000000008000996        0x2 
 .text._sbrk    0x0000000008000998       0x6c ./Core/Src/sysmem.o
                0x0000000008000998                _sbrk
 .text.SystemInit
                0x0000000008000a04        0xa ./Core/Src/system_stm32f0xx.o
                0x0000000008000a04                SystemInit
 *fill*         0x0000000008000a0e        0x2 
 .text.MX_TIM3_Init
                0x0000000008000a10       0xdc ./Core/Src/tim.o
                0x0000000008000a10                MX_TIM3_Init
 .text.MX_TIM14_Init
                0x0000000008000aec       0xa0 ./Core/Src/tim.o
                0x0000000008000aec                MX_TIM14_Init
 .text.HAL_TIM_PWM_MspInit
                0x0000000008000b8c       0x3c ./Core/Src/tim.o
                0x0000000008000b8c                HAL_TIM_PWM_MspInit
 .text.HAL_TIM_Base_MspInit
                0x0000000008000bc8       0x40 ./Core/Src/tim.o
                0x0000000008000bc8                HAL_TIM_Base_MspInit
 .text.HAL_TIM_MspPostInit
                0x0000000008000c08       0xd8 ./Core/Src/tim.o
                0x0000000008000c08                HAL_TIM_MspPostInit
 .text.MX_USART2_UART_Init
                0x0000000008000ce0       0x60 ./Core/Src/usart.o
                0x0000000008000ce0                MX_USART2_UART_Init
 .text.HAL_UART_MspInit
                0x0000000008000d40       0x98 ./Core/Src/usart.o
                0x0000000008000d40                HAL_UART_MspInit
 .text.Reset_Handler
                0x0000000008000dd8       0x50 ./Core/Startup/startup_stm32f030r8tx.o
                0x0000000008000dd8                Reset_Handler
 .text.Default_Handler
                0x0000000008000e28        0x2 ./Core/Startup/startup_stm32f030r8tx.o
                0x0000000008000e28                TIM1_CC_IRQHandler
                0x0000000008000e28                TIM6_IRQHandler
                0x0000000008000e28                I2C1_IRQHandler
                0x0000000008000e28                SPI1_IRQHandler
                0x0000000008000e28                EXTI2_3_IRQHandler
                0x0000000008000e28                ADC1_IRQHandler
                0x0000000008000e28                I2C2_IRQHandler
                0x0000000008000e28                TIM17_IRQHandler
                0x0000000008000e28                RTC_IRQHandler
                0x0000000008000e28                TIM16_IRQHandler
                0x0000000008000e28                TIM3_IRQHandler
                0x0000000008000e28                EXTI4_15_IRQHandler
                0x0000000008000e28                RCC_IRQHandler
                0x0000000008000e28                DMA1_Channel1_IRQHandler
                0x0000000008000e28                Default_Handler
                0x0000000008000e28                TIM14_IRQHandler
                0x0000000008000e28                DMA1_Channel4_5_IRQHandler
                0x0000000008000e28                TIM15_IRQHandler
                0x0000000008000e28                EXTI0_1_IRQHandler
                0x0000000008000e28                SPI2_IRQHandler
                0x0000000008000e28                WWDG_IRQHandler
                0x0000000008000e28                DMA1_Channel2_3_IRQHandler
                0x0000000008000e28                USART2_IRQHandler
                0x0000000008000e28                FLASH_IRQHandler
                0x0000000008000e28                USART1_IRQHandler
                0x0000000008000e28                TIM1_BRK_UP_TRG_COM_IRQHandler
 *fill*         0x0000000008000e2a        0x2 
 .text.HAL_Init
                0x0000000008000e2c       0x28 ./Drivers/STM32F0xx_HAL_Driver/Src/stm32f0xx_hal.o
                0x0000000008000e2c                HAL_Init
 .text.HAL_InitTick
                0x0000000008000e54       0x68 ./Drivers/STM32F0xx_HAL_Driver/Src/stm32f0xx_hal.o
                0x0000000008000e54                HAL_InitTick
 .text.HAL_IncTick
                0x0000000008000ebc       0x24 ./Drivers/STM32F0xx_HAL_Driver/Src/stm32f0xx_hal.o
                0x0000000008000ebc                HAL_IncTick
 .text.HAL_GetTick
                0x0000000008000ee0       0x14 ./Drivers/STM32F0xx_HAL_Driver/Src/stm32f0xx_hal.o
                0x0000000008000ee0                HAL_GetTick
 .text.__NVIC_SetPriority
                0x0000000008000ef4       0xdc ./Drivers/STM32F0xx_HAL_Driver/Src/stm32f0xx_hal_cortex.o
 .text.SysTick_Config
                0x0000000008000fd0       0x48 ./Drivers/STM32F0xx_HAL_Driver/Src/stm32f0xx_hal_cortex.o
 .text.HAL_NVIC_SetPriority
                0x0000000008001018       0x2a ./Drivers/STM32F0xx_HAL_Driver/Src/stm32f0xx_hal_cortex.o
                0x0000000008001018                HAL_NVIC_SetPriority
 .text.HAL_SYSTICK_Config
                0x0000000008001042       0x1a ./Drivers/STM32F0xx_HAL_Driver/Src/stm32f0xx_hal_cortex.o
                0x0000000008001042                HAL_SYSTICK_Config
 .text.HAL_GPIO_Init
                0x000000000800105c      0x2e0 ./Drivers/STM32F0xx_HAL_Driver/Src/stm32f0xx_hal_gpio.o
                0x000000000800105c                HAL_GPIO_Init
 .text.HAL_GPIO_WritePin
                0x000000000800133c       0x3a ./Drivers/STM32F0xx_HAL_Driver/Src/stm32f0xx_hal_gpio.o
                0x000000000800133c                HAL_GPIO_WritePin
 *fill*         0x0000000008001376        0x2 
 .text.HAL_I2C_Init
                0x0000000008001378      0x12c ./Drivers/STM32F0xx_HAL_Driver/Src/stm32f0xx_hal_i2c.o
                0x0000000008001378                HAL_I2C_Init
 .text.HAL_I2C_Master_Transmit
                0x00000000080014a4      0x210 ./Drivers/STM32F0xx_HAL_Driver/Src/stm32f0xx_hal_i2c.o
                0x00000000080014a4                HAL_I2C_Master_Transmit
 .text.HAL_I2C_Master_Receive
                0x00000000080016b4      0x210 ./Drivers/STM32F0xx_HAL_Driver/Src/stm32f0xx_hal_i2c.o
                0x00000000080016b4                HAL_I2C_Master_Receive
 .text.I2C_Flush_TXDR
                0x00000000080018c4       0x44 ./Drivers/STM32F0xx_HAL_Driver/Src/stm32f0xx_hal_i2c.o
 .text.I2C_WaitOnFlagUntilTimeout
                0x0000000008001908       0x7e ./Drivers/STM32F0xx_HAL_Driver/Src/stm32f0xx_hal_i2c.o
 .text.I2C_WaitOnTXISFlagUntilTimeout
                0x0000000008001986       0x7e ./Drivers/STM32F0xx_HAL_Driver/Src/stm32f0xx_hal_i2c.o
 .text.I2C_WaitOnSTOPFlagUntilTimeout
                0x0000000008001a04       0x78 ./Drivers/STM32F0xx_HAL_Driver/Src/stm32f0xx_hal_i2c.o
 .text.I2C_WaitOnRXNEFlagUntilTimeout
                0x0000000008001a7c       0xd8 ./Drivers/STM32F0xx_HAL_Driver/Src/stm32f0xx_hal_i2c.o
 .text.I2C_IsAcknowledgeFailed
                0x0000000008001b54       0xf4 ./Drivers/STM32F0xx_HAL_Driver/Src/stm32f0xx_hal_i2c.o
 .text.I2C_TransferConfig
                0x0000000008001c48       0x6c ./Drivers/STM32F0xx_HAL_Driver/Src/stm32f0xx_hal_i2c.o
 .text.HAL_I2CEx_ConfigAnalogFilter
                0x0000000008001cb4       0x98 ./Drivers/STM32F0xx_HAL_Driver/Src/stm32f0xx_hal_i2c_ex.o
                0x0000000008001cb4                HAL_I2CEx_ConfigAnalogFilter
 .text.HAL_I2CEx_ConfigDigitalFilter
                0x0000000008001d4c       0x98 ./Drivers/STM32F0xx_HAL_Driver/Src/stm32f0xx_hal_i2c_ex.o
                0x0000000008001d4c                HAL_I2CEx_ConfigDigitalFilter
 .text.HAL_RCC_OscConfig
                0x0000000008001de4      0x634 ./Drivers/STM32F0xx_HAL_Driver/Src/stm32f0xx_hal_rcc.o
                0x0000000008001de4                HAL_RCC_OscConfig
 .text.HAL_RCC_ClockConfig
                0x0000000008002418      0x19c ./Drivers/STM32F0xx_HAL_Driver/Src/stm32f0xx_hal_rcc.o
                0x0000000008002418                HAL_RCC_ClockConfig
 .text.HAL_RCC_GetSysClockFreq
                0x00000000080025b4       0xc8 ./Drivers/STM32F0xx_HAL_Driver/Src/stm32f0xx_hal_rcc.o
                0x00000000080025b4                HAL_RCC_GetSysClockFreq
 .text.HAL_RCC_GetHCLKFreq
                0x000000000800267c       0x14 ./Drivers/STM32F0xx_HAL_Driver/Src/stm32f0xx_hal_rcc.o
                0x000000000800267c                HAL_RCC_GetHCLKFreq
 .text.HAL_RCC_GetPCLK1Freq
                0x0000000008002690       0x2c ./Drivers/STM32F0xx_HAL_Driver/Src/stm32f0xx_hal_rcc.o
                0x0000000008002690                HAL_RCC_GetPCLK1Freq
 .text.HAL_RCCEx_PeriphCLKConfig
                0x00000000080026bc      0x19c ./Drivers/STM32F0xx_HAL_Driver/Src/stm32f0xx_hal_rcc_ex.o
                0x00000000080026bc                HAL_RCCEx_PeriphCLKConfig
 .text.HAL_TIM_Base_Init
                0x0000000008002858       0xa0 ./Drivers/STM32F0xx_HAL_Driver/Src/stm32f0xx_hal_tim.o
                0x0000000008002858                HAL_TIM_Base_Init
 .text.HAL_TIM_Base_Start
                0x00000000080028f8       0x88 ./Drivers/STM32F0xx_HAL_Driver/Src/stm32f0xx_hal_tim.o
                0x00000000080028f8                HAL_TIM_Base_Start
 .text.HAL_TIM_PWM_Init
                0x0000000008002980       0xa0 ./Drivers/STM32F0xx_HAL_Driver/Src/stm32f0xx_hal_tim.o
                0x0000000008002980                HAL_TIM_PWM_Init
 .text.HAL_TIM_PWM_Start
                0x0000000008002a20      0x164 ./Drivers/STM32F0xx_HAL_Driver/Src/stm32f0xx_hal_tim.o
                0x0000000008002a20                HAL_TIM_PWM_Start
 .text.HAL_TIM_PWM_ConfigChannel
                0x0000000008002b84      0x18c ./Drivers/STM32F0xx_HAL_Driver/Src/stm32f0xx_hal_tim.o
                0x0000000008002b84                HAL_TIM_PWM_ConfigChannel
 .text.TIM_Base_SetConfig
                0x0000000008002d10       0xec ./Drivers/STM32F0xx_HAL_Driver/Src/stm32f0xx_hal_tim.o
                0x0000000008002d10                TIM_Base_SetConfig
 .text.TIM_OC1_SetConfig
                0x0000000008002dfc      0x110 ./Drivers/STM32F0xx_HAL_Driver/Src/stm32f0xx_hal_tim.o
 .text.TIM_OC2_SetConfig
                0x0000000008002f0c      0x108 ./Drivers/STM32F0xx_HAL_Driver/Src/stm32f0xx_hal_tim.o
                0x0000000008002f0c                TIM_OC2_SetConfig
 .text.TIM_OC3_SetConfig
                0x0000000008003014      0x10c ./Drivers/STM32F0xx_HAL_Driver/Src/stm32f0xx_hal_tim.o
 .text.TIM_OC4_SetConfig
                0x0000000008003120       0xd4 ./Drivers/STM32F0xx_HAL_Driver/Src/stm32f0xx_hal_tim.o
 .text.TIM_CCxChannelCmd
                0x00000000080031f4       0x46 ./Drivers/STM32F0xx_HAL_Driver/Src/stm32f0xx_hal_tim.o
                0x00000000080031f4                TIM_CCxChannelCmd
 *fill*         0x000000000800323a        0x2 
 .text.HAL_TIMEx_MasterConfigSynchronization
                0x000000000800323c       0xb0 ./Drivers/STM32F0xx_HAL_Driver/Src/stm32f0xx_hal_tim_ex.o
                0x000000000800323c                HAL_TIMEx_MasterConfigSynchronization
 .text.HAL_UART_Init
                0x00000000080032ec       0xa8 ./Drivers/STM32F0xx_HAL_Driver/Src/stm32f0xx_hal_uart.o
                0x00000000080032ec                HAL_UART_Init
 .text.HAL_UART_Transmit
                0x0000000008003394      0x152 ./Drivers/STM32F0xx_HAL_Driver/Src/stm32f0xx_hal_uart.o
                0x0000000008003394                HAL_UART_Transmit
 *fill*         0x00000000080034e6        0x2 
 .text.UART_SetConfig
                0x00000000080034e8      0x280 ./Drivers/STM32F0xx_HAL_Driver/Src/stm32f0xx_hal_uart.o
                0x00000000080034e8                UART_SetConfig
 .text.UART_AdvFeatureConfig
                0x0000000008003768      0x168 ./Drivers/STM32F0xx_HAL_Driver/Src/stm32f0xx_hal_uart.o
                0x0000000008003768                UART_AdvFeatureConfig
 .text.UART_CheckIdleState
                0x00000000080038d0       0x90 ./Drivers/STM32F0xx_HAL_Driver/Src/stm32f0xx_hal_uart.o
                0x00000000080038d0                UART_CheckIdleState
 .text.UART_WaitOnFlagUntilTimeout
                0x0000000008003960      0x188 ./Drivers/STM32F0xx_HAL_Driver/Src/stm32f0xx_hal_uart.o
                0x0000000008003960                UART_WaitOnFlagUntilTimeout
 .text.VL53L1X_SetI2CAddress
                0x0000000008003ae8       0x46 ./VL53L1X/Src/VL53L1X_api.o
                0x0000000008003ae8                VL53L1X_SetI2CAddress
 *fill*         0x0000000008003b2e        0x2 
 .text.VL53L1X_SensorInit
                0x0000000008003b30      0x130 ./VL53L1X/Src/VL53L1X_api.o
                0x0000000008003b30                VL53L1X_SensorInit
 .text.VL53L1X_ClearInterrupt
                0x0000000008003c60       0x3e ./VL53L1X/Src/VL53L1X_api.o
                0x0000000008003c60                VL53L1X_ClearInterrupt
 .text.VL53L1X_GetInterruptPolarity
                0x0000000008003c9e       0x66 ./VL53L1X/Src/VL53L1X_api.o
                0x0000000008003c9e                VL53L1X_GetInterruptPolarity
 .text.VL53L1X_StartRanging
                0x0000000008003d04       0x3e ./VL53L1X/Src/VL53L1X_api.o
                0x0000000008003d04                VL53L1X_StartRanging
 .text.VL53L1X_StopRanging
                0x0000000008003d42       0x3e ./VL53L1X/Src/VL53L1X_api.o
                0x0000000008003d42                VL53L1X_StopRanging
 .text.VL53L1X_CheckForDataReady
                0x0000000008003d80       0x8c ./VL53L1X/Src/VL53L1X_api.o
                0x0000000008003d80                VL53L1X_CheckForDataReady
 .text.VL53L1X_GetSensorId
                0x0000000008003e0c       0x54 ./VL53L1X/Src/VL53L1X_api.o
                0x0000000008003e0c                VL53L1X_GetSensorId
 .text.VL53L1X_GetDistance
                0x0000000008003e60       0x4c ./VL53L1X/Src/VL53L1X_api.o
                0x0000000008003e60                VL53L1X_GetDistance
 .text._I2CWrite
                0x0000000008003eac       0x40 ./VL53L1X/Src/vl53l1_platform.o
                0x0000000008003eac                _I2CWrite
 .text._I2CRead
                0x0000000008003eec       0x40 ./VL53L1X/Src/vl53l1_platform.o
                0x0000000008003eec                _I2CRead
 .text.VL53L1_WrByte
                0x0000000008003f2c       0x78 ./VL53L1X/Src/vl53l1_platform.o
                0x0000000008003f2c                VL53L1_WrByte
 .text.VL53L1_RdByte
                0x0000000008003fa4       0x8c ./VL53L1X/Src/vl53l1_platform.o
                0x0000000008003fa4                VL53L1_RdByte
 .text.VL53L1_RdWord
                0x0000000008004030       0xa4 ./VL53L1X/Src/vl53l1_platform.o
                0x0000000008004030                VL53L1_RdWord
 .text.TOF_InitStruct
                0x00000000080040d4       0x36 ./VL53L1X/VL53L1X.o
                0x00000000080040d4                TOF_InitStruct
 *fill*         0x000000000800410a        0x2 
 .text.TOF_TurnOn
                0x000000000800410c       0x2c ./VL53L1X/VL53L1X.o
                0x000000000800410c                TOF_TurnOn
 .text.TOF_TurnOff
                0x0000000008004138       0x2c ./VL53L1X/VL53L1X.o
                0x0000000008004138                TOF_TurnOff
 .text.TOF_BootSensor
                0x0000000008004164       0x9c ./VL53L1X/VL53L1X.o
                0x0000000008004164                TOF_BootSensor
 .text.TOF_GetDistance
                0x0000000008004200       0x38 ./VL53L1X/VL53L1X.o
                0x0000000008004200                TOF_GetDistance
 .text.__errno  0x0000000008004238        0xc c:/st/stm32cubeide_1.10.1/stm32cubeide/plugins/com.st.stm32cube.ide.mcu.externaltools.gnu-tools-for-stm32.10.3-2021.10.win32_1.0.0.202111181127/tools/bin/../lib/gcc/arm-none-eabi/10.3.1/../../../../arm-none-eabi/lib/thumb/v6-m/nofp\libc_nano.a(lib_a-errno.o)
                0x0000000008004238                __errno
 .text.__libc_init_array
                0x0000000008004244       0x48 c:/st/stm32cubeide_1.10.1/stm32cubeide/plugins/com.st.stm32cube.ide.mcu.externaltools.gnu-tools-for-stm32.10.3-2021.10.win32_1.0.0.202111181127/tools/bin/../lib/gcc/arm-none-eabi/10.3.1/../../../../arm-none-eabi/lib/thumb/v6-m/nofp\libc_nano.a(lib_a-init.o)
                0x0000000008004244                __libc_init_array
 .text.memcpy   0x000000000800428c       0x12 c:/st/stm32cubeide_1.10.1/stm32cubeide/plugins/com.st.stm32cube.ide.mcu.externaltools.gnu-tools-for-stm32.10.3-2021.10.win32_1.0.0.202111181127/tools/bin/../lib/gcc/arm-none-eabi/10.3.1/../../../../arm-none-eabi/lib/thumb/v6-m/nofp\libc_nano.a(lib_a-memcpy-stub.o)
                0x000000000800428c                memcpy
 .text.memset   0x000000000800429e       0x10 c:/st/stm32cubeide_1.10.1/stm32cubeide/plugins/com.st.stm32cube.ide.mcu.externaltools.gnu-tools-for-stm32.10.3-2021.10.win32_1.0.0.202111181127/tools/bin/../lib/gcc/arm-none-eabi/10.3.1/../../../../arm-none-eabi/lib/thumb/v6-m/nofp\libc_nano.a(lib_a-memset.o)
                0x000000000800429e                memset
 *fill*         0x00000000080042ae        0x2 
 .text.sprintf  0x00000000080042b0       0x40 c:/st/stm32cubeide_1.10.1/stm32cubeide/plugins/com.st.stm32cube.ide.mcu.externaltools.gnu-tools-for-stm32.10.3-2021.10.win32_1.0.0.202111181127/tools/bin/../lib/gcc/arm-none-eabi/10.3.1/../../../../arm-none-eabi/lib/thumb/v6-m/nofp\libc_nano.a(lib_a-sprintf.o)
                0x00000000080042b0                siprintf
                0x00000000080042b0                sprintf
 .text.__ssputs_r
                0x00000000080042f0       0xc4 c:/st/stm32cubeide_1.10.1/stm32cubeide/plugins/com.st.stm32cube.ide.mcu.externaltools.gnu-tools-for-stm32.10.3-2021.10.win32_1.0.0.202111181127/tools/bin/../lib/gcc/arm-none-eabi/10.3.1/../../../../arm-none-eabi/lib/thumb/v6-m/nofp\libc_nano.a(lib_a-nano-svfprintf.o)
                0x00000000080042f0                __ssputs_r
 .text._svfprintf_r
                0x00000000080043b4      0x200 c:/st/stm32cubeide_1.10.1/stm32cubeide/plugins/com.st.stm32cube.ide.mcu.externaltools.gnu-tools-for-stm32.10.3-2021.10.win32_1.0.0.202111181127/tools/bin/../lib/gcc/arm-none-eabi/10.3.1/../../../../arm-none-eabi/lib/thumb/v6-m/nofp\libc_nano.a(lib_a-nano-svfprintf.o)
                0x00000000080043b4                _svfiprintf_r
                0x00000000080043b4                _svfprintf_r
 .text._printf_common
                0x00000000080045b4       0xde c:/st/stm32cubeide_1.10.1/stm32cubeide/plugins/com.st.stm32cube.ide.mcu.externaltools.gnu-tools-for-stm32.10.3-2021.10.win32_1.0.0.202111181127/tools/bin/../lib/gcc/arm-none-eabi/10.3.1/../../../../arm-none-eabi/lib/thumb/v6-m/nofp\libc_nano.a(lib_a-nano-vfprintf_i.o)
                0x00000000080045b4                _printf_common
 *fill*         0x0000000008004692        0x2 
 .text._printf_i
                0x0000000008004694      0x224 c:/st/stm32cubeide_1.10.1/stm32cubeide/plugins/com.st.stm32cube.ide.mcu.externaltools.gnu-tools-for-stm32.10.3-2021.10.win32_1.0.0.202111181127/tools/bin/../lib/gcc/arm-none-eabi/10.3.1/../../../../arm-none-eabi/lib/thumb/v6-m/nofp\libc_nano.a(lib_a-nano-vfprintf_i.o)
                0x0000000008004694                _printf_i
 .text.memchr   0x00000000080048b8       0x16 c:/st/stm32cubeide_1.10.1/stm32cubeide/plugins/com.st.stm32cube.ide.mcu.externaltools.gnu-tools-for-stm32.10.3-2021.10.win32_1.0.0.202111181127/tools/bin/../lib/gcc/arm-none-eabi/10.3.1/../../../../arm-none-eabi/lib/thumb/v6-m/nofp\libc_nano.a(lib_a-memchr-stub.o)
                0x00000000080048b8                memchr
 .text.memmove  0x00000000080048ce       0x26 c:/st/stm32cubeide_1.10.1/stm32cubeide/plugins/com.st.stm32cube.ide.mcu.externaltools.gnu-tools-for-stm32.10.3-2021.10.win32_1.0.0.202111181127/tools/bin/../lib/gcc/arm-none-eabi/10.3.1/../../../../arm-none-eabi/lib/thumb/v6-m/nofp\libc_nano.a(lib_a-memmove.o)
                0x00000000080048ce                memmove
 .text._free_r  0x00000000080048f4       0x94 c:/st/stm32cubeide_1.10.1/stm32cubeide/plugins/com.st.stm32cube.ide.mcu.externaltools.gnu-tools-for-stm32.10.3-2021.10.win32_1.0.0.202111181127/tools/bin/../lib/gcc/arm-none-eabi/10.3.1/../../../../arm-none-eabi/lib/thumb/v6-m/nofp\libc_nano.a(lib_a-nano-freer.o)
                0x00000000080048f4                _free_r
 .text.sbrk_aligned
                0x0000000008004988       0x44 c:/st/stm32cubeide_1.10.1/stm32cubeide/plugins/com.st.stm32cube.ide.mcu.externaltools.gnu-tools-for-stm32.10.3-2021.10.win32_1.0.0.202111181127/tools/bin/../lib/gcc/arm-none-eabi/10.3.1/../../../../arm-none-eabi/lib/thumb/v6-m/nofp\libc_nano.a(lib_a-nano-mallocr.o)
 .text._malloc_r
                0x00000000080049cc       0xec c:/st/stm32cubeide_1.10.1/stm32cubeide/plugins/com.st.stm32cube.ide.mcu.externaltools.gnu-tools-for-stm32.10.3-2021.10.win32_1.0.0.202111181127/tools/bin/../lib/gcc/arm-none-eabi/10.3.1/../../../../arm-none-eabi/lib/thumb/v6-m/nofp\libc_nano.a(lib_a-nano-mallocr.o)
                0x00000000080049cc                _malloc_r
 .text._realloc_r
                0x0000000008004ab8       0x5e c:/st/stm32cubeide_1.10.1/stm32cubeide/plugins/com.st.stm32cube.ide.mcu.externaltools.gnu-tools-for-stm32.10.3-2021.10.win32_1.0.0.202111181127/tools/bin/../lib/gcc/arm-none-eabi/10.3.1/../../../../arm-none-eabi/lib/thumb/v6-m/nofp\libc_nano.a(lib_a-nano-reallocr.o)
                0x0000000008004ab8                _realloc_r
 *fill*         0x0000000008004b16        0x2 
 .text._sbrk_r  0x0000000008004b18       0x24 c:/st/stm32cubeide_1.10.1/stm32cubeide/plugins/com.st.stm32cube.ide.mcu.externaltools.gnu-tools-for-stm32.10.3-2021.10.win32_1.0.0.202111181127/tools/bin/../lib/gcc/arm-none-eabi/10.3.1/../../../../arm-none-eabi/lib/thumb/v6-m/nofp\libc_nano.a(lib_a-sbrkr.o)
                0x0000000008004b18                _sbrk_r
 .text.__malloc_lock
                0x0000000008004b3c       0x10 c:/st/stm32cubeide_1.10.1/stm32cubeide/plugins/com.st.stm32cube.ide.mcu.externaltools.gnu-tools-for-stm32.10.3-2021.10.win32_1.0.0.202111181127/tools/bin/../lib/gcc/arm-none-eabi/10.3.1/../../../../arm-none-eabi/lib/thumb/v6-m/nofp\libc_nano.a(lib_a-mlock.o)
                0x0000000008004b3c                __malloc_lock
 .text.__malloc_unlock
                0x0000000008004b4c       0x10 c:/st/stm32cubeide_1.10.1/stm32cubeide/plugins/com.st.stm32cube.ide.mcu.externaltools.gnu-tools-for-stm32.10.3-2021.10.win32_1.0.0.202111181127/tools/bin/../lib/gcc/arm-none-eabi/10.3.1/../../../../arm-none-eabi/lib/thumb/v6-m/nofp\libc_nano.a(lib_a-mlock.o)
                0x0000000008004b4c                __malloc_unlock
 .text._malloc_usable_size_r
                0x0000000008004b5c       0x10 c:/st/stm32cubeide_1.10.1/stm32cubeide/plugins/com.st.stm32cube.ide.mcu.externaltools.gnu-tools-for-stm32.10.3-2021.10.win32_1.0.0.202111181127/tools/bin/../lib/gcc/arm-none-eabi/10.3.1/../../../../arm-none-eabi/lib/thumb/v6-m/nofp\libc_nano.a(lib_a-nano-msizer.o)
                0x0000000008004b5c                _malloc_usable_size_r
 .text.__retarget_lock_acquire_recursive
                0x0000000008004b6c        0x2 c:/st/stm32cubeide_1.10.1/stm32cubeide/plugins/com.st.stm32cube.ide.mcu.externaltools.gnu-tools-for-stm32.10.3-2021.10.win32_1.0.0.202111181127/tools/bin/../lib/gcc/arm-none-eabi/10.3.1/../../../../arm-none-eabi/lib/thumb/v6-m/nofp\libc_nano.a(lib_a-lock.o)
                0x0000000008004b6c                __retarget_lock_acquire_recursive
 .text.__retarget_lock_release_recursive
                0x0000000008004b6e        0x2 c:/st/stm32cubeide_1.10.1/stm32cubeide/plugins/com.st.stm32cube.ide.mcu.externaltools.gnu-tools-for-stm32.10.3-2021.10.win32_1.0.0.202111181127/tools/bin/../lib/gcc/arm-none-eabi/10.3.1/../../../../arm-none-eabi/lib/thumb/v6-m/nofp\libc_nano.a(lib_a-lock.o)
                0x0000000008004b6e                __retarget_lock_release_recursive
 *(.glue_7)
 .glue_7        0x0000000008004b70        0x0 linker stubs
 *(.glue_7t)
 .glue_7t       0x0000000008004b70        0x0 linker stubs
 *(.eh_frame)
 .eh_frame      0x0000000008004b70        0x0 c:/st/stm32cubeide_1.10.1/stm32cubeide/plugins/com.st.stm32cube.ide.mcu.externaltools.gnu-tools-for-stm32.10.3-2021.10.win32_1.0.0.202111181127/tools/bin/../lib/gcc/arm-none-eabi/10.3.1/thumb/v6-m/nofp/crtbegin.o
 *(.init)
 .init          0x0000000008004b70        0x4 c:/st/stm32cubeide_1.10.1/stm32cubeide/plugins/com.st.stm32cube.ide.mcu.externaltools.gnu-tools-for-stm32.10.3-2021.10.win32_1.0.0.202111181127/tools/bin/../lib/gcc/arm-none-eabi/10.3.1/thumb/v6-m/nofp/crti.o
                0x0000000008004b70                _init
 .init          0x0000000008004b74        0x8 c:/st/stm32cubeide_1.10.1/stm32cubeide/plugins/com.st.stm32cube.ide.mcu.externaltools.gnu-tools-for-stm32.10.3-2021.10.win32_1.0.0.202111181127/tools/bin/../lib/gcc/arm-none-eabi/10.3.1/thumb/v6-m/nofp/crtn.o
 *(.fini)
 .fini          0x0000000008004b7c        0x4 c:/st/stm32cubeide_1.10.1/stm32cubeide/plugins/com.st.stm32cube.ide.mcu.externaltools.gnu-tools-for-stm32.10.3-2021.10.win32_1.0.0.202111181127/tools/bin/../lib/gcc/arm-none-eabi/10.3.1/thumb/v6-m/nofp/crti.o
                0x0000000008004b7c                _fini
 .fini          0x0000000008004b80        0x8 c:/st/stm32cubeide_1.10.1/stm32cubeide/plugins/com.st.stm32cube.ide.mcu.externaltools.gnu-tools-for-stm32.10.3-2021.10.win32_1.0.0.202111181127/tools/bin/../lib/gcc/arm-none-eabi/10.3.1/thumb/v6-m/nofp/crtn.o
                0x0000000008004b88                . = ALIGN (0x4)
                0x0000000008004b88                _etext = .

.vfp11_veneer   0x0000000008004b88        0x0
 .vfp11_veneer  0x0000000008004b88        0x0 linker stubs

.v4_bx          0x0000000008004b88        0x0
 .v4_bx         0x0000000008004b88        0x0 linker stubs

.iplt           0x0000000008004b88        0x0
 .iplt          0x0000000008004b88        0x0 c:/st/stm32cubeide_1.10.1/stm32cubeide/plugins/com.st.stm32cube.ide.mcu.externaltools.gnu-tools-for-stm32.10.3-2021.10.win32_1.0.0.202111181127/tools/bin/../lib/gcc/arm-none-eabi/10.3.1/thumb/v6-m/nofp/crtbegin.o

.rodata         0x0000000008004b88       0xe8
                0x0000000008004b88                . = ALIGN (0x4)
 *(.rodata)
 .rodata        0x0000000008004b88       0x1e ./Core/Src/main.o
 *fill*         0x0000000008004ba6        0x2 
 .rodata        0x0000000008004ba8       0x20 ./Drivers/STM32F0xx_HAL_Driver/Src/stm32f0xx_hal_rcc.o
 *(.rodata*)
 .rodata.AHBPrescTable
                0x0000000008004bc8       0x10 ./Core/Src/system_stm32f0xx.o
                0x0000000008004bc8                AHBPrescTable
 .rodata.APBPrescTable
                0x0000000008004bd8        0x8 ./Core/Src/system_stm32f0xx.o
                0x0000000008004bd8                APBPrescTable
 .rodata.VL51L1X_DEFAULT_CONFIGURATION
                0x0000000008004be0       0x5b ./VL53L1X/Src/VL53L1X_api.o
                0x0000000008004be0                VL51L1X_DEFAULT_CONFIGURATION
 .rodata._svfprintf_r.str1.1
                0x0000000008004c3b       0x11 c:/st/stm32cubeide_1.10.1/stm32cubeide/plugins/com.st.stm32cube.ide.mcu.externaltools.gnu-tools-for-stm32.10.3-2021.10.win32_1.0.0.202111181127/tools/bin/../lib/gcc/arm-none-eabi/10.3.1/../../../../arm-none-eabi/lib/thumb/v6-m/nofp\libc_nano.a(lib_a-nano-svfprintf.o)
 .rodata._printf_i.str1.1
                0x0000000008004c4c       0x22 c:/st/stm32cubeide_1.10.1/stm32cubeide/plugins/com.st.stm32cube.ide.mcu.externaltools.gnu-tools-for-stm32.10.3-2021.10.win32_1.0.0.202111181127/tools/bin/../lib/gcc/arm-none-eabi/10.3.1/../../../../arm-none-eabi/lib/thumb/v6-m/nofp\libc_nano.a(lib_a-nano-vfprintf_i.o)
                0x0000000008004c70                . = ALIGN (0x4)
 *fill*         0x0000000008004c6e        0x2 

.rel.dyn        0x0000000008004c70        0x0
 .rel.iplt      0x0000000008004c70        0x0 c:/st/stm32cubeide_1.10.1/stm32cubeide/plugins/com.st.stm32cube.ide.mcu.externaltools.gnu-tools-for-stm32.10.3-2021.10.win32_1.0.0.202111181127/tools/bin/../lib/gcc/arm-none-eabi/10.3.1/thumb/v6-m/nofp/crtbegin.o

.ARM.extab      0x0000000008004c70        0x0
                0x0000000008004c70                . = ALIGN (0x4)
 *(.ARM.extab* .gnu.linkonce.armextab.*)
                0x0000000008004c70                . = ALIGN (0x4)

.ARM            0x0000000008004c70        0x0
                0x0000000008004c70                . = ALIGN (0x4)
                0x0000000008004c70                __exidx_start = .
 *(.ARM.exidx*)
                0x0000000008004c70                __exidx_end = .
                0x0000000008004c70                . = ALIGN (0x4)

.preinit_array  0x0000000008004c70        0x0
                0x0000000008004c70                . = ALIGN (0x4)
                0x0000000008004c70                PROVIDE (__preinit_array_start = .)
 *(.preinit_array*)
                0x0000000008004c70                PROVIDE (__preinit_array_end = .)
                0x0000000008004c70                . = ALIGN (0x4)

.init_array     0x0000000008004c70        0x4
                0x0000000008004c70                . = ALIGN (0x4)
                0x0000000008004c70                PROVIDE (__init_array_start = .)
 *(SORT_BY_NAME(.init_array.*))
 *(.init_array*)
 .init_array    0x0000000008004c70        0x4 c:/st/stm32cubeide_1.10.1/stm32cubeide/plugins/com.st.stm32cube.ide.mcu.externaltools.gnu-tools-for-stm32.10.3-2021.10.win32_1.0.0.202111181127/tools/bin/../lib/gcc/arm-none-eabi/10.3.1/thumb/v6-m/nofp/crtbegin.o
                0x0000000008004c74                PROVIDE (__init_array_end = .)
                0x0000000008004c74                . = ALIGN (0x4)

.fini_array     0x0000000008004c74        0x4
                0x0000000008004c74                . = ALIGN (0x4)
                [!provide]                        PROVIDE (__fini_array_start = .)
 *(SORT_BY_NAME(.fini_array.*))
 *(.fini_array*)
 .fini_array    0x0000000008004c74        0x4 c:/st/stm32cubeide_1.10.1/stm32cubeide/plugins/com.st.stm32cube.ide.mcu.externaltools.gnu-tools-for-stm32.10.3-2021.10.win32_1.0.0.202111181127/tools/bin/../lib/gcc/arm-none-eabi/10.3.1/thumb/v6-m/nofp/crtbegin.o
                [!provide]                        PROVIDE (__fini_array_end = .)
                0x0000000008004c78                . = ALIGN (0x4)
                0x0000000008004c78                _sidata = LOADADDR (.data)

.data           0x0000000020000000      0x160 load address 0x0000000008004c78
                0x0000000020000000                . = ALIGN (0x4)
                0x0000000020000000                _sdata = .
 *(.data)
 *(.data*)
 .data.SERVO_MIN_VALUE
                0x0000000020000000        0x4 ./Core/Src/main.o
                0x0000000020000000                SERVO_MIN_VALUE
 .data.SERVO_MID_VALUE
                0x0000000020000004        0x4 ./Core/Src/main.o
                0x0000000020000004                SERVO_MID_VALUE
 .data.SERVO_MAX_VALUE
                0x0000000020000008        0x4 ./Core/Src/main.o
                0x0000000020000008                SERVO_MAX_VALUE
 .data.distanceStr1
                0x000000002000000c       0xc8 ./Core/Src/main.o
                0x000000002000000c                distanceStr1
 .data.left_speed
                0x00000000200000d4        0x4 ./Core/Src/main.o
                0x00000000200000d4                left_speed
 .data.right_speed
                0x00000000200000d8        0x4 ./Core/Src/main.o
                0x00000000200000d8                right_speed
 .data.left_dir
                0x00000000200000dc        0x4 ./Core/Src/main.o
                0x00000000200000dc                left_dir
 .data.right_dir
                0x00000000200000e0        0x4 ./Core/Src/main.o
                0x00000000200000e0                right_dir
 .data.servo    0x00000000200000e4        0x4 ./Core/Src/main.o
                0x00000000200000e4                servo
 .data.servo_max_dist
                0x00000000200000e8        0x4 ./Core/Src/main.o
                0x00000000200000e8                servo_max_dist
 .data.motor_mid_speed
                0x00000000200000ec        0x4 ./Core/Src/main.o
                0x00000000200000ec                motor_mid_speed
 .data.SystemCoreClock
                0x00000000200000f0        0x4 ./Core/Src/system_stm32f0xx.o
                0x00000000200000f0                SystemCoreClock
 .data.uwTickPrio
                0x00000000200000f4        0x4 ./Drivers/STM32F0xx_HAL_Driver/Src/stm32f0xx_hal.o
                0x00000000200000f4                uwTickPrio
 .data.uwTickFreq
                0x00000000200000f8        0x1 ./Drivers/STM32F0xx_HAL_Driver/Src/stm32f0xx_hal.o
                0x00000000200000f8                uwTickFreq
 *fill*         0x00000000200000f9        0x3 
 .data._impure_ptr
                0x00000000200000fc        0x4 c:/st/stm32cubeide_1.10.1/stm32cubeide/plugins/com.st.stm32cube.ide.mcu.externaltools.gnu-tools-for-stm32.10.3-2021.10.win32_1.0.0.202111181127/tools/bin/../lib/gcc/arm-none-eabi/10.3.1/../../../../arm-none-eabi/lib/thumb/v6-m/nofp\libc_nano.a(lib_a-impure.o)
                0x00000000200000fc                _impure_ptr
 .data.impure_data
                0x0000000020000100       0x60 c:/st/stm32cubeide_1.10.1/stm32cubeide/plugins/com.st.stm32cube.ide.mcu.externaltools.gnu-tools-for-stm32.10.3-2021.10.win32_1.0.0.202111181127/tools/bin/../lib/gcc/arm-none-eabi/10.3.1/../../../../arm-none-eabi/lib/thumb/v6-m/nofp\libc_nano.a(lib_a-impure.o)
 *(.RamFunc)
 *(.RamFunc*)
                0x0000000020000160                . = ALIGN (0x4)
                0x0000000020000160                _edata = .

.igot.plt       0x0000000020000160        0x0 load address 0x0000000008004dd8
 .igot.plt      0x0000000020000160        0x0 c:/st/stm32cubeide_1.10.1/stm32cubeide/plugins/com.st.stm32cube.ide.mcu.externaltools.gnu-tools-for-stm32.10.3-2021.10.win32_1.0.0.202111181127/tools/bin/../lib/gcc/arm-none-eabi/10.3.1/thumb/v6-m/nofp/crtbegin.o
                0x0000000020000160                . = ALIGN (0x4)

.bss            0x0000000020000160      0x2d0 load address 0x0000000008004dd8
                0x0000000020000160                _sbss = .
                0x0000000020000160                __bss_start__ = _sbss
 *(.bss)
 .bss           0x0000000020000160       0x1c c:/st/stm32cubeide_1.10.1/stm32cubeide/plugins/com.st.stm32cube.ide.mcu.externaltools.gnu-tools-for-stm32.10.3-2021.10.win32_1.0.0.202111181127/tools/bin/../lib/gcc/arm-none-eabi/10.3.1/thumb/v6-m/nofp/crtbegin.o
 *(.bss*)
 .bss.hi2c1     0x000000002000017c       0x4c ./Core/Src/i2c.o
                0x000000002000017c                hi2c1
 .bss.sensor1   0x00000000200001c8       0x10 ./Core/Src/main.o
                0x00000000200001c8                sensor1
 .bss.sensor2   0x00000000200001d8       0x10 ./Core/Src/main.o
                0x00000000200001d8                sensor2
 .bss.sensor3   0x00000000200001e8       0x10 ./Core/Src/main.o
                0x00000000200001e8                sensor3
 .bss.dist1     0x00000000200001f8        0x2 ./Core/Src/main.o
                0x00000000200001f8                dist1
 .bss.dist2     0x00000000200001fa        0x2 ./Core/Src/main.o
                0x00000000200001fa                dist2
 .bss.dist3     0x00000000200001fc        0x2 ./Core/Src/main.o
                0x00000000200001fc                dist3
 *fill*         0x00000000200001fe        0x2 
 .bss.__sbrk_heap_end
                0x0000000020000200        0x4 ./Core/Src/sysmem.o
 .bss.htim3     0x0000000020000204       0x48 ./Core/Src/tim.o
                0x0000000020000204                htim3
 .bss.htim14    0x000000002000024c       0x48 ./Core/Src/tim.o
                0x000000002000024c                htim14
 .bss.huart2    0x0000000020000294       0x84 ./Core/Src/usart.o
                0x0000000020000294                huart2
 .bss.uwTick    0x0000000020000318        0x4 ./Drivers/STM32F0xx_HAL_Driver/Src/stm32f0xx_hal.o
                0x0000000020000318                uwTick
 .bss._I2CBuffer
                0x000000002000031c      0x100 ./VL53L1X/Src/vl53l1_platform.o
                0x000000002000031c                _I2CBuffer
 .bss.active_sensor
                0x000000002000041c        0x4 ./VL53L1X/VL53L1X.o
                0x000000002000041c                active_sensor
 .bss.__malloc_free_list
                0x0000000020000420        0x4 c:/st/stm32cubeide_1.10.1/stm32cubeide/plugins/com.st.stm32cube.ide.mcu.externaltools.gnu-tools-for-stm32.10.3-2021.10.win32_1.0.0.202111181127/tools/bin/../lib/gcc/arm-none-eabi/10.3.1/../../../../arm-none-eabi/lib/thumb/v6-m/nofp\libc_nano.a(lib_a-nano-mallocr.o)
                0x0000000020000420                __malloc_free_list
 .bss.__malloc_sbrk_start
                0x0000000020000424        0x4 c:/st/stm32cubeide_1.10.1/stm32cubeide/plugins/com.st.stm32cube.ide.mcu.externaltools.gnu-tools-for-stm32.10.3-2021.10.win32_1.0.0.202111181127/tools/bin/../lib/gcc/arm-none-eabi/10.3.1/../../../../arm-none-eabi/lib/thumb/v6-m/nofp\libc_nano.a(lib_a-nano-mallocr.o)
                0x0000000020000424                __malloc_sbrk_start
 .bss.errno     0x0000000020000428        0x4 c:/st/stm32cubeide_1.10.1/stm32cubeide/plugins/com.st.stm32cube.ide.mcu.externaltools.gnu-tools-for-stm32.10.3-2021.10.win32_1.0.0.202111181127/tools/bin/../lib/gcc/arm-none-eabi/10.3.1/../../../../arm-none-eabi/lib/thumb/v6-m/nofp\libc_nano.a(lib_a-reent.o)
                0x0000000020000428                errno
 .bss.__lock___malloc_recursive_mutex
                0x000000002000042c        0x1 c:/st/stm32cubeide_1.10.1/stm32cubeide/plugins/com.st.stm32cube.ide.mcu.externaltools.gnu-tools-for-stm32.10.3-2021.10.win32_1.0.0.202111181127/tools/bin/../lib/gcc/arm-none-eabi/10.3.1/../../../../arm-none-eabi/lib/thumb/v6-m/nofp\libc_nano.a(lib_a-lock.o)
                0x000000002000042c                __lock___malloc_recursive_mutex
 *(COMMON)
                0x0000000020000430                . = ALIGN (0x4)
 *fill*         0x000000002000042d        0x3 
                0x0000000020000430                _ebss = .
                0x0000000020000430                __bss_end__ = _ebss

._user_heap_stack
                0x0000000020000430      0x600 load address 0x0000000008004dd8
                0x0000000020000430                . = ALIGN (0x8)
                [!provide]                        PROVIDE (end = .)
                0x0000000020000430                PROVIDE (_end = .)
                0x0000000020000630                . = (. + _Min_Heap_Size)
 *fill*         0x0000000020000430      0x200 
                0x0000000020000a30                . = (. + _Min_Stack_Size)
 *fill*         0x0000000020000630      0x400 
                0x0000000020000a30                . = ALIGN (0x8)

/DISCARD/
 libc.a(*)
 libm.a(*)
 libgcc.a(*)

.ARM.attributes
                0x0000000000000000       0x28
 *(.ARM.attributes)
 .ARM.attributes
                0x0000000000000000       0x1e c:/st/stm32cubeide_1.10.1/stm32cubeide/plugins/com.st.stm32cube.ide.mcu.externaltools.gnu-tools-for-stm32.10.3-2021.10.win32_1.0.0.202111181127/tools/bin/../lib/gcc/arm-none-eabi/10.3.1/thumb/v6-m/nofp/crti.o
 .ARM.attributes
                0x000000000000001e       0x2c c:/st/stm32cubeide_1.10.1/stm32cubeide/plugins/com.st.stm32cube.ide.mcu.externaltools.gnu-tools-for-stm32.10.3-2021.10.win32_1.0.0.202111181127/tools/bin/../lib/gcc/arm-none-eabi/10.3.1/thumb/v6-m/nofp/crtbegin.o
 .ARM.attributes
                0x000000000000004a       0x2c ./Core/Src/gpio.o
 .ARM.attributes
                0x0000000000000076       0x2c ./Core/Src/i2c.o
 .ARM.attributes
                0x00000000000000a2       0x2c ./Core/Src/main.o
 .ARM.attributes
                0x00000000000000ce       0x2c ./Core/Src/stm32f0xx_hal_msp.o
 .ARM.attributes
                0x00000000000000fa       0x2c ./Core/Src/stm32f0xx_it.o
 .ARM.attributes
                0x0000000000000126       0x2c ./Core/Src/sysmem.o
 .ARM.attributes
                0x0000000000000152       0x2c ./Core/Src/system_stm32f0xx.o
 .ARM.attributes
                0x000000000000017e       0x2c ./Core/Src/tim.o
 .ARM.attributes
                0x00000000000001aa       0x2c ./Core/Src/usart.o
 .ARM.attributes
                0x00000000000001d6       0x21 ./Core/Startup/startup_stm32f030r8tx.o
 .ARM.attributes
                0x00000000000001f7       0x2c ./Drivers/STM32F0xx_HAL_Driver/Src/stm32f0xx_hal.o
 .ARM.attributes
                0x0000000000000223       0x2c ./Drivers/STM32F0xx_HAL_Driver/Src/stm32f0xx_hal_cortex.o
 .ARM.attributes
                0x000000000000024f       0x2c ./Drivers/STM32F0xx_HAL_Driver/Src/stm32f0xx_hal_gpio.o
 .ARM.attributes
                0x000000000000027b       0x2c ./Drivers/STM32F0xx_HAL_Driver/Src/stm32f0xx_hal_i2c.o
 .ARM.attributes
                0x00000000000002a7       0x2c ./Drivers/STM32F0xx_HAL_Driver/Src/stm32f0xx_hal_i2c_ex.o
 .ARM.attributes
                0x00000000000002d3       0x2c ./Drivers/STM32F0xx_HAL_Driver/Src/stm32f0xx_hal_rcc.o
 .ARM.attributes
                0x00000000000002ff       0x2c ./Drivers/STM32F0xx_HAL_Driver/Src/stm32f0xx_hal_rcc_ex.o
 .ARM.attributes
                0x000000000000032b       0x2c ./Drivers/STM32F0xx_HAL_Driver/Src/stm32f0xx_hal_tim.o
 .ARM.attributes
                0x0000000000000357       0x2c ./Drivers/STM32F0xx_HAL_Driver/Src/stm32f0xx_hal_tim_ex.o
 .ARM.attributes
                0x0000000000000383       0x2c ./Drivers/STM32F0xx_HAL_Driver/Src/stm32f0xx_hal_uart.o
 .ARM.attributes
                0x00000000000003af       0x2c ./VL53L1X/Src/VL53L1X_api.o
 .ARM.attributes
                0x00000000000003db       0x2c ./VL53L1X/Src/vl53l1_platform.o
 .ARM.attributes
                0x0000000000000407       0x2c ./VL53L1X/VL53L1X.o
 .ARM.attributes
                0x0000000000000433       0x2c c:/st/stm32cubeide_1.10.1/stm32cubeide/plugins/com.st.stm32cube.ide.mcu.externaltools.gnu-tools-for-stm32.10.3-2021.10.win32_1.0.0.202111181127/tools/bin/../lib/gcc/arm-none-eabi/10.3.1/../../../../arm-none-eabi/lib/thumb/v6-m/nofp\libc_nano.a(lib_a-errno.o)
 .ARM.attributes
                0x000000000000045f       0x2c c:/st/stm32cubeide_1.10.1/stm32cubeide/plugins/com.st.stm32cube.ide.mcu.externaltools.gnu-tools-for-stm32.10.3-2021.10.win32_1.0.0.202111181127/tools/bin/../lib/gcc/arm-none-eabi/10.3.1/../../../../arm-none-eabi/lib/thumb/v6-m/nofp\libc_nano.a(lib_a-impure.o)
 .ARM.attributes
                0x000000000000048b       0x2c c:/st/stm32cubeide_1.10.1/stm32cubeide/plugins/com.st.stm32cube.ide.mcu.externaltools.gnu-tools-for-stm32.10.3-2021.10.win32_1.0.0.202111181127/tools/bin/../lib/gcc/arm-none-eabi/10.3.1/../../../../arm-none-eabi/lib/thumb/v6-m/nofp\libc_nano.a(lib_a-init.o)
 .ARM.attributes
                0x00000000000004b7       0x2c c:/st/stm32cubeide_1.10.1/stm32cubeide/plugins/com.st.stm32cube.ide.mcu.externaltools.gnu-tools-for-stm32.10.3-2021.10.win32_1.0.0.202111181127/tools/bin/../lib/gcc/arm-none-eabi/10.3.1/../../../../arm-none-eabi/lib/thumb/v6-m/nofp\libc_nano.a(lib_a-memcpy-stub.o)
 .ARM.attributes
                0x00000000000004e3       0x2c c:/st/stm32cubeide_1.10.1/stm32cubeide/plugins/com.st.stm32cube.ide.mcu.externaltools.gnu-tools-for-stm32.10.3-2021.10.win32_1.0.0.202111181127/tools/bin/../lib/gcc/arm-none-eabi/10.3.1/../../../../arm-none-eabi/lib/thumb/v6-m/nofp\libc_nano.a(lib_a-memset.o)
 .ARM.attributes
                0x000000000000050f       0x2c c:/st/stm32cubeide_1.10.1/stm32cubeide/plugins/com.st.stm32cube.ide.mcu.externaltools.gnu-tools-for-stm32.10.3-2021.10.win32_1.0.0.202111181127/tools/bin/../lib/gcc/arm-none-eabi/10.3.1/../../../../arm-none-eabi/lib/thumb/v6-m/nofp\libc_nano.a(lib_a-sprintf.o)
 .ARM.attributes
                0x000000000000053b       0x1c c:/st/stm32cubeide_1.10.1/stm32cubeide/plugins/com.st.stm32cube.ide.mcu.externaltools.gnu-tools-for-stm32.10.3-2021.10.win32_1.0.0.202111181127/tools/bin/../lib/gcc/arm-none-eabi/10.3.1/../../../../arm-none-eabi/lib/thumb/v6-m/nofp\libc_nano.a(lib_a-strlen.o)
 .ARM.attributes
                0x0000000000000557       0x2c c:/st/stm32cubeide_1.10.1/stm32cubeide/plugins/com.st.stm32cube.ide.mcu.externaltools.gnu-tools-for-stm32.10.3-2021.10.win32_1.0.0.202111181127/tools/bin/../lib/gcc/arm-none-eabi/10.3.1/../../../../arm-none-eabi/lib/thumb/v6-m/nofp\libc_nano.a(lib_a-nano-svfprintf.o)
 .ARM.attributes
                0x0000000000000583       0x2c c:/st/stm32cubeide_1.10.1/stm32cubeide/plugins/com.st.stm32cube.ide.mcu.externaltools.gnu-tools-for-stm32.10.3-2021.10.win32_1.0.0.202111181127/tools/bin/../lib/gcc/arm-none-eabi/10.3.1/../../../../arm-none-eabi/lib/thumb/v6-m/nofp\libc_nano.a(lib_a-nano-vfprintf_i.o)
 .ARM.attributes
                0x00000000000005af       0x2c c:/st/stm32cubeide_1.10.1/stm32cubeide/plugins/com.st.stm32cube.ide.mcu.externaltools.gnu-tools-for-stm32.10.3-2021.10.win32_1.0.0.202111181127/tools/bin/../lib/gcc/arm-none-eabi/10.3.1/../../../../arm-none-eabi/lib/thumb/v6-m/nofp\libc_nano.a(lib_a-memchr-stub.o)
 .ARM.attributes
                0x00000000000005db       0x2c c:/st/stm32cubeide_1.10.1/stm32cubeide/plugins/com.st.stm32cube.ide.mcu.externaltools.gnu-tools-for-stm32.10.3-2021.10.win32_1.0.0.202111181127/tools/bin/../lib/gcc/arm-none-eabi/10.3.1/../../../../arm-none-eabi/lib/thumb/v6-m/nofp\libc_nano.a(lib_a-memmove.o)
 .ARM.attributes
                0x0000000000000607       0x2c c:/st/stm32cubeide_1.10.1/stm32cubeide/plugins/com.st.stm32cube.ide.mcu.externaltools.gnu-tools-for-stm32.10.3-2021.10.win32_1.0.0.202111181127/tools/bin/../lib/gcc/arm-none-eabi/10.3.1/../../../../arm-none-eabi/lib/thumb/v6-m/nofp\libc_nano.a(lib_a-nano-freer.o)
 .ARM.attributes
                0x0000000000000633       0x2c c:/st/stm32cubeide_1.10.1/stm32cubeide/plugins/com.st.stm32cube.ide.mcu.externaltools.gnu-tools-for-stm32.10.3-2021.10.win32_1.0.0.202111181127/tools/bin/../lib/gcc/arm-none-eabi/10.3.1/../../../../arm-none-eabi/lib/thumb/v6-m/nofp\libc_nano.a(lib_a-nano-mallocr.o)
 .ARM.attributes
                0x000000000000065f       0x2c c:/st/stm32cubeide_1.10.1/stm32cubeide/plugins/com.st.stm32cube.ide.mcu.externaltools.gnu-tools-for-stm32.10.3-2021.10.win32_1.0.0.202111181127/tools/bin/../lib/gcc/arm-none-eabi/10.3.1/../../../../arm-none-eabi/lib/thumb/v6-m/nofp\libc_nano.a(lib_a-nano-reallocr.o)
 .ARM.attributes
                0x000000000000068b       0x2c c:/st/stm32cubeide_1.10.1/stm32cubeide/plugins/com.st.stm32cube.ide.mcu.externaltools.gnu-tools-for-stm32.10.3-2021.10.win32_1.0.0.202111181127/tools/bin/../lib/gcc/arm-none-eabi/10.3.1/../../../../arm-none-eabi/lib/thumb/v6-m/nofp\libc_nano.a(lib_a-sbrkr.o)
 .ARM.attributes
                0x00000000000006b7       0x2c c:/st/stm32cubeide_1.10.1/stm32cubeide/plugins/com.st.stm32cube.ide.mcu.externaltools.gnu-tools-for-stm32.10.3-2021.10.win32_1.0.0.202111181127/tools/bin/../lib/gcc/arm-none-eabi/10.3.1/../../../../arm-none-eabi/lib/thumb/v6-m/nofp\libc_nano.a(lib_a-mlock.o)
 .ARM.attributes
                0x00000000000006e3       0x2c c:/st/stm32cubeide_1.10.1/stm32cubeide/plugins/com.st.stm32cube.ide.mcu.externaltools.gnu-tools-for-stm32.10.3-2021.10.win32_1.0.0.202111181127/tools/bin/../lib/gcc/arm-none-eabi/10.3.1/../../../../arm-none-eabi/lib/thumb/v6-m/nofp\libc_nano.a(lib_a-nano-msizer.o)
 .ARM.attributes
                0x000000000000070f       0x2c c:/st/stm32cubeide_1.10.1/stm32cubeide/plugins/com.st.stm32cube.ide.mcu.externaltools.gnu-tools-for-stm32.10.3-2021.10.win32_1.0.0.202111181127/tools/bin/../lib/gcc/arm-none-eabi/10.3.1/../../../../arm-none-eabi/lib/thumb/v6-m/nofp\libc_nano.a(lib_a-reent.o)
 .ARM.attributes
                0x000000000000073b       0x2c c:/st/stm32cubeide_1.10.1/stm32cubeide/plugins/com.st.stm32cube.ide.mcu.externaltools.gnu-tools-for-stm32.10.3-2021.10.win32_1.0.0.202111181127/tools/bin/../lib/gcc/arm-none-eabi/10.3.1/../../../../arm-none-eabi/lib/thumb/v6-m/nofp\libc_nano.a(lib_a-lock.o)
 .ARM.attributes
                0x0000000000000767       0x1e c:/st/stm32cubeide_1.10.1/stm32cubeide/plugins/com.st.stm32cube.ide.mcu.externaltools.gnu-tools-for-stm32.10.3-2021.10.win32_1.0.0.202111181127/tools/bin/../lib/gcc/arm-none-eabi/10.3.1/thumb/v6-m/nofp\libgcc.a(_thumb1_case_shi.o)
 .ARM.attributes
                0x0000000000000785       0x1e c:/st/stm32cubeide_1.10.1/stm32cubeide/plugins/com.st.stm32cube.ide.mcu.externaltools.gnu-tools-for-stm32.10.3-2021.10.win32_1.0.0.202111181127/tools/bin/../lib/gcc/arm-none-eabi/10.3.1/thumb/v6-m/nofp\libgcc.a(_udivsi3.o)
 .ARM.attributes
                0x00000000000007a3       0x1e c:/st/stm32cubeide_1.10.1/stm32cubeide/plugins/com.st.stm32cube.ide.mcu.externaltools.gnu-tools-for-stm32.10.3-2021.10.win32_1.0.0.202111181127/tools/bin/../lib/gcc/arm-none-eabi/10.3.1/thumb/v6-m/nofp\libgcc.a(_dvmd_tls.o)
 .ARM.attributes
                0x00000000000007c1       0x1e c:/st/stm32cubeide_1.10.1/stm32cubeide/plugins/com.st.stm32cube.ide.mcu.externaltools.gnu-tools-for-stm32.10.3-2021.10.win32_1.0.0.202111181127/tools/bin/../lib/gcc/arm-none-eabi/10.3.1/thumb/v6-m/nofp/crtn.o
OUTPUT(Viper.elf elf32-littlearm)
LOAD linker stubs
LOAD c:/st/stm32cubeide_1.10.1/stm32cubeide/plugins/com.st.stm32cube.ide.mcu.externaltools.gnu-tools-for-stm32.10.3-2021.10.win32_1.0.0.202111181127/tools/bin/../lib/gcc/arm-none-eabi/10.3.1/../../../../arm-none-eabi/lib/thumb/v6-m/nofp\libc.a
LOAD c:/st/stm32cubeide_1.10.1/stm32cubeide/plugins/com.st.stm32cube.ide.mcu.externaltools.gnu-tools-for-stm32.10.3-2021.10.win32_1.0.0.202111181127/tools/bin/../lib/gcc/arm-none-eabi/10.3.1/../../../../arm-none-eabi/lib/thumb/v6-m/nofp\libm.a
LOAD c:/st/stm32cubeide_1.10.1/stm32cubeide/plugins/com.st.stm32cube.ide.mcu.externaltools.gnu-tools-for-stm32.10.3-2021.10.win32_1.0.0.202111181127/tools/bin/../lib/gcc/arm-none-eabi/10.3.1/thumb/v6-m/nofp\libgcc.a

.debug_info     0x0000000000000000    0x129c2
 .debug_info    0x0000000000000000      0x385 ./Core/Src/gpio.o
 .debug_info    0x0000000000000385      0x932 ./Core/Src/i2c.o
 .debug_info    0x0000000000000cb7     0x13fa ./Core/Src/main.o
 .debug_info    0x00000000000020b1      0x1b8 ./Core/Src/stm32f0xx_hal_msp.o
 .debug_info    0x0000000000002269       0xda ./Core/Src/stm32f0xx_it.o
 .debug_info    0x0000000000002343      0x171 ./Core/Src/sysmem.o
 .debug_info    0x00000000000024b4      0x269 ./Core/Src/system_stm32f0xx.o
 .debug_info    0x000000000000271d      0xb4e ./Core/Src/tim.o
 .debug_info    0x000000000000326b      0x95f ./Core/Src/usart.o
 .debug_info    0x0000000000003bca       0x22 ./Core/Startup/startup_stm32f030r8tx.o
 .debug_info    0x0000000000003bec      0x6bb ./Drivers/STM32F0xx_HAL_Driver/Src/stm32f0xx_hal.o
 .debug_info    0x00000000000042a7      0x6f9 ./Drivers/STM32F0xx_HAL_Driver/Src/stm32f0xx_hal_cortex.o
 .debug_info    0x00000000000049a0      0x613 ./Drivers/STM32F0xx_HAL_Driver/Src/stm32f0xx_hal_gpio.o
 .debug_info    0x0000000000004fb3     0x2149 ./Drivers/STM32F0xx_HAL_Driver/Src/stm32f0xx_hal_i2c.o
 .debug_info    0x00000000000070fc      0x845 ./Drivers/STM32F0xx_HAL_Driver/Src/stm32f0xx_hal_i2c_ex.o
 .debug_info    0x0000000000007941      0x888 ./Drivers/STM32F0xx_HAL_Driver/Src/stm32f0xx_hal_rcc.o
 .debug_info    0x00000000000081c9      0x37b ./Drivers/STM32F0xx_HAL_Driver/Src/stm32f0xx_hal_rcc_ex.o
 .debug_info    0x0000000000008544     0x2b69 ./Drivers/STM32F0xx_HAL_Driver/Src/stm32f0xx_hal_tim.o
 .debug_info    0x000000000000b0ad     0x158e ./Drivers/STM32F0xx_HAL_Driver/Src/stm32f0xx_hal_tim_ex.o
 .debug_info    0x000000000000c63b     0x3b92 ./Drivers/STM32F0xx_HAL_Driver/Src/stm32f0xx_hal_uart.o
 .debug_info    0x00000000000101cd     0x11bc ./VL53L1X/Src/VL53L1X_api.o
 .debug_info    0x0000000000011389      0xc2a ./VL53L1X/Src/vl53l1_platform.o
 .debug_info    0x0000000000011fb3      0xa0f ./VL53L1X/VL53L1X.o

.debug_abbrev   0x0000000000000000     0x28c9
 .debug_abbrev  0x0000000000000000      0x146 ./Core/Src/gpio.o
 .debug_abbrev  0x0000000000000146      0x202 ./Core/Src/i2c.o
 .debug_abbrev  0x0000000000000348      0x2c7 ./Core/Src/main.o
 .debug_abbrev  0x000000000000060f       0xc2 ./Core/Src/stm32f0xx_hal_msp.o
 .debug_abbrev  0x00000000000006d1       0x74 ./Core/Src/stm32f0xx_it.o
 .debug_abbrev  0x0000000000000745       0xbb ./Core/Src/sysmem.o
 .debug_abbrev  0x0000000000000800      0x116 ./Core/Src/system_stm32f0xx.o
 .debug_abbrev  0x0000000000000916      0x226 ./Core/Src/tim.o
 .debug_abbrev  0x0000000000000b3c      0x1e0 ./Core/Src/usart.o
 .debug_abbrev  0x0000000000000d1c       0x12 ./Core/Startup/startup_stm32f030r8tx.o
 .debug_abbrev  0x0000000000000d2e      0x23f ./Drivers/STM32F0xx_HAL_Driver/Src/stm32f0xx_hal.o
 .debug_abbrev  0x0000000000000f6d      0x283 ./Drivers/STM32F0xx_HAL_Driver/Src/stm32f0xx_hal_cortex.o
 .debug_abbrev  0x00000000000011f0      0x1bb ./Drivers/STM32F0xx_HAL_Driver/Src/stm32f0xx_hal_gpio.o
 .debug_abbrev  0x00000000000013ab      0x254 ./Drivers/STM32F0xx_HAL_Driver/Src/stm32f0xx_hal_i2c.o
 .debug_abbrev  0x00000000000015ff      0x1c1 ./Drivers/STM32F0xx_HAL_Driver/Src/stm32f0xx_hal_i2c_ex.o
 .debug_abbrev  0x00000000000017c0      0x283 ./Drivers/STM32F0xx_HAL_Driver/Src/stm32f0xx_hal_rcc.o
 .debug_abbrev  0x0000000000001a43      0x169 ./Drivers/STM32F0xx_HAL_Driver/Src/stm32f0xx_hal_rcc_ex.o
 .debug_abbrev  0x0000000000001bac      0x26e ./Drivers/STM32F0xx_HAL_Driver/Src/stm32f0xx_hal_tim.o
 .debug_abbrev  0x0000000000001e1a      0x276 ./Drivers/STM32F0xx_HAL_Driver/Src/stm32f0xx_hal_tim_ex.o
 .debug_abbrev  0x0000000000002090      0x2b6 ./Drivers/STM32F0xx_HAL_Driver/Src/stm32f0xx_hal_uart.o
 .debug_abbrev  0x0000000000002346      0x191 ./VL53L1X/Src/VL53L1X_api.o
 .debug_abbrev  0x00000000000024d7      0x1f3 ./VL53L1X/Src/vl53l1_platform.o
 .debug_abbrev  0x00000000000026ca      0x1ff ./VL53L1X/VL53L1X.o

.debug_aranges  0x0000000000000000     0x10d8
 .debug_aranges
                0x0000000000000000       0x20 ./Core/Src/gpio.o
 .debug_aranges
                0x0000000000000020       0x30 ./Core/Src/i2c.o
 .debug_aranges
                0x0000000000000050       0x60 ./Core/Src/main.o
 .debug_aranges
                0x00000000000000b0       0x20 ./Core/Src/stm32f0xx_hal_msp.o
 .debug_aranges
                0x00000000000000d0       0x40 ./Core/Src/stm32f0xx_it.o
 .debug_aranges
                0x0000000000000110       0x20 ./Core/Src/sysmem.o
 .debug_aranges
                0x0000000000000130       0x28 ./Core/Src/system_stm32f0xx.o
 .debug_aranges
                0x0000000000000158       0x50 ./Core/Src/tim.o
 .debug_aranges
                0x00000000000001a8       0x30 ./Core/Src/usart.o
 .debug_aranges
                0x00000000000001d8       0x28 ./Core/Startup/startup_stm32f030r8tx.o
 .debug_aranges
                0x0000000000000200       0xd0 ./Drivers/STM32F0xx_HAL_Driver/Src/stm32f0xx_hal.o
 .debug_aranges
                0x00000000000002d0       0xc0 ./Drivers/STM32F0xx_HAL_Driver/Src/stm32f0xx_hal_cortex.o
 .debug_aranges
                0x0000000000000390       0x58 ./Drivers/STM32F0xx_HAL_Driver/Src/stm32f0xx_hal_gpio.o
 .debug_aranges
                0x00000000000003e8      0x290 ./Drivers/STM32F0xx_HAL_Driver/Src/stm32f0xx_hal_i2c.o
 .debug_aranges
                0x0000000000000678       0x38 ./Drivers/STM32F0xx_HAL_Driver/Src/stm32f0xx_hal_i2c_ex.o
 .debug_aranges
                0x00000000000006b0       0x80 ./Drivers/STM32F0xx_HAL_Driver/Src/stm32f0xx_hal_rcc.o
 .debug_aranges
                0x0000000000000730       0x30 ./Drivers/STM32F0xx_HAL_Driver/Src/stm32f0xx_hal_rcc_ex.o
 .debug_aranges
                0x0000000000000760      0x3d0 ./Drivers/STM32F0xx_HAL_Driver/Src/stm32f0xx_hal_tim.o
 .debug_aranges
                0x0000000000000b30      0x168 ./Drivers/STM32F0xx_HAL_Driver/Src/stm32f0xx_hal_tim_ex.o
 .debug_aranges
                0x0000000000000c98      0x218 ./Drivers/STM32F0xx_HAL_Driver/Src/stm32f0xx_hal_uart.o
 .debug_aranges
                0x0000000000000eb0      0x168 ./VL53L1X/Src/VL53L1X_api.o
 .debug_aranges
                0x0000000000001018       0x68 ./VL53L1X/Src/vl53l1_platform.o
 .debug_aranges
                0x0000000000001080       0x58 ./VL53L1X/VL53L1X.o

.debug_ranges   0x0000000000000000      0xfa0
 .debug_ranges  0x0000000000000000       0x10 ./Core/Src/gpio.o
 .debug_ranges  0x0000000000000010       0x20 ./Core/Src/i2c.o
 .debug_ranges  0x0000000000000030       0x50 ./Core/Src/main.o
 .debug_ranges  0x0000000000000080       0x10 ./Core/Src/stm32f0xx_hal_msp.o
 .debug_ranges  0x0000000000000090       0x30 ./Core/Src/stm32f0xx_it.o
 .debug_ranges  0x00000000000000c0       0x10 ./Core/Src/sysmem.o
 .debug_ranges  0x00000000000000d0       0x18 ./Core/Src/system_stm32f0xx.o
 .debug_ranges  0x00000000000000e8       0x40 ./Core/Src/tim.o
 .debug_ranges  0x0000000000000128       0x20 ./Core/Src/usart.o
 .debug_ranges  0x0000000000000148       0x20 ./Core/Startup/startup_stm32f030r8tx.o
 .debug_ranges  0x0000000000000168       0xc0 ./Drivers/STM32F0xx_HAL_Driver/Src/stm32f0xx_hal.o
 .debug_ranges  0x0000000000000228       0xb0 ./Drivers/STM32F0xx_HAL_Driver/Src/stm32f0xx_hal_cortex.o
 .debug_ranges  0x00000000000002d8       0x48 ./Drivers/STM32F0xx_HAL_Driver/Src/stm32f0xx_hal_gpio.o
 .debug_ranges  0x0000000000000320      0x280 ./Drivers/STM32F0xx_HAL_Driver/Src/stm32f0xx_hal_i2c.o
 .debug_ranges  0x00000000000005a0       0x28 ./Drivers/STM32F0xx_HAL_Driver/Src/stm32f0xx_hal_i2c_ex.o
 .debug_ranges  0x00000000000005c8       0x70 ./Drivers/STM32F0xx_HAL_Driver/Src/stm32f0xx_hal_rcc.o
 .debug_ranges  0x0000000000000638       0x20 ./Drivers/STM32F0xx_HAL_Driver/Src/stm32f0xx_hal_rcc_ex.o
 .debug_ranges  0x0000000000000658      0x3c0 ./Drivers/STM32F0xx_HAL_Driver/Src/stm32f0xx_hal_tim.o
 .debug_ranges  0x0000000000000a18      0x158 ./Drivers/STM32F0xx_HAL_Driver/Src/stm32f0xx_hal_tim_ex.o
 .debug_ranges  0x0000000000000b70      0x238 ./Drivers/STM32F0xx_HAL_Driver/Src/stm32f0xx_hal_uart.o
 .debug_ranges  0x0000000000000da8      0x158 ./VL53L1X/Src/VL53L1X_api.o
 .debug_ranges  0x0000000000000f00       0x58 ./VL53L1X/Src/vl53l1_platform.o
 .debug_ranges  0x0000000000000f58       0x48 ./VL53L1X/VL53L1X.o

.debug_macro    0x0000000000000000    0x12259
 .debug_macro   0x0000000000000000      0x1db ./Core/Src/gpio.o
 .debug_macro   0x00000000000001db      0xa4e ./Core/Src/gpio.o
 .debug_macro   0x0000000000000c29      0x133 ./Core/Src/gpio.o
 .debug_macro   0x0000000000000d5c       0x2e ./Core/Src/gpio.o
 .debug_macro   0x0000000000000d8a       0x22 ./Core/Src/gpio.o
 .debug_macro   0x0000000000000dac       0x22 ./Core/Src/gpio.o
 .debug_macro   0x0000000000000dce       0x8e ./Core/Src/gpio.o
 .debug_macro   0x0000000000000e5c       0x51 ./Core/Src/gpio.o
 .debug_macro   0x0000000000000ead      0x103 ./Core/Src/gpio.o
 .debug_macro   0x0000000000000fb0       0x6a ./Core/Src/gpio.o
 .debug_macro   0x000000000000101a      0x1df ./Core/Src/gpio.o
 .debug_macro   0x00000000000011f9       0x1c ./Core/Src/gpio.o
 .debug_macro   0x0000000000001215       0x22 ./Core/Src/gpio.o
 .debug_macro   0x0000000000001237       0xaf ./Core/Src/gpio.o
 .debug_macro   0x00000000000012e6      0x391 ./Core/Src/gpio.o
 .debug_macro   0x0000000000001677     0x6f40 ./Core/Src/gpio.o
 .debug_macro   0x00000000000085b7       0x66 ./Core/Src/gpio.o
 .debug_macro   0x000000000000861d     0x34a6 ./Core/Src/gpio.o
 .debug_macro   0x000000000000bac3      0x174 ./Core/Src/gpio.o
 .debug_macro   0x000000000000bc37       0x55 ./Core/Src/gpio.o
 .debug_macro   0x000000000000bc8c      0x924 ./Core/Src/gpio.o
 .debug_macro   0x000000000000c5b0      0x17f ./Core/Src/gpio.o
 .debug_macro   0x000000000000c72f      0x1af ./Core/Src/gpio.o
 .debug_macro   0x000000000000c8de       0xd9 ./Core/Src/gpio.o
 .debug_macro   0x000000000000c9b7      0x1a0 ./Core/Src/gpio.o
 .debug_macro   0x000000000000cb57      0x1ed ./Core/Src/gpio.o
 .debug_macro   0x000000000000cd44       0x34 ./Core/Src/gpio.o
 .debug_macro   0x000000000000cd78       0x43 ./Core/Src/gpio.o
 .debug_macro   0x000000000000cdbb       0x28 ./Core/Src/gpio.o
 .debug_macro   0x000000000000cde3       0xb0 ./Core/Src/gpio.o
 .debug_macro   0x000000000000ce93      0x199 ./Core/Src/gpio.o
 .debug_macro   0x000000000000d02c      0x22c ./Core/Src/gpio.o
 .debug_macro   0x000000000000d258       0x61 ./Core/Src/gpio.o
 .debug_macro   0x000000000000d2b9       0xa5 ./Core/Src/gpio.o
 .debug_macro   0x000000000000d35e       0x4c ./Core/Src/gpio.o
 .debug_macro   0x000000000000d3aa       0x2b ./Core/Src/gpio.o
 .debug_macro   0x000000000000d3d5      0x8d8 ./Core/Src/gpio.o
 .debug_macro   0x000000000000dcad       0x28 ./Core/Src/gpio.o
 .debug_macro   0x000000000000dcd5      0x55f ./Core/Src/gpio.o
 .debug_macro   0x000000000000e234       0x3e ./Core/Src/gpio.o
 .debug_macro   0x000000000000e272       0xff ./Core/Src/gpio.o
 .debug_macro   0x000000000000e371       0xc4 ./Core/Src/gpio.o
 .debug_macro   0x000000000000e435      0x1db ./Core/Src/i2c.o
 .debug_macro   0x000000000000e610      0x396 ./Core/Src/main.o
 .debug_macro   0x000000000000e9a6       0x52 ./Core/Src/main.o
 .debug_macro   0x000000000000e9f8       0x18 ./Core/Src/main.o
 .debug_macro   0x000000000000ea10       0x3c ./Core/Src/main.o
 .debug_macro   0x000000000000ea4c       0x34 ./Core/Src/main.o
 .debug_macro   0x000000000000ea80       0x16 ./Core/Src/main.o
 .debug_macro   0x000000000000ea96       0x35 ./Core/Src/main.o
 .debug_macro   0x000000000000eacb      0x341 ./Core/Src/main.o
 .debug_macro   0x000000000000ee0c       0x10 ./Core/Src/main.o
 .debug_macro   0x000000000000ee1c       0x16 ./Core/Src/main.o
 .debug_macro   0x000000000000ee32       0x43 ./Core/Src/main.o
 .debug_macro   0x000000000000ee75       0x34 ./Core/Src/main.o
 .debug_macro   0x000000000000eea9       0x10 ./Core/Src/main.o
 .debug_macro   0x000000000000eeb9       0x58 ./Core/Src/main.o
 .debug_macro   0x000000000000ef11       0x71 ./Core/Src/main.o
 .debug_macro   0x000000000000ef82       0x1c ./Core/Src/main.o
 .debug_macro   0x000000000000ef9e      0x12a ./Core/Src/main.o
 .debug_macro   0x000000000000f0c8       0x10 ./Core/Src/main.o
 .debug_macro   0x000000000000f0d8       0x1c ./Core/Src/main.o
 .debug_macro   0x000000000000f0f4       0x52 ./Core/Src/main.o
 .debug_macro   0x000000000000f146       0x22 ./Core/Src/main.o
 .debug_macro   0x000000000000f168       0x10 ./Core/Src/main.o
 .debug_macro   0x000000000000f178       0x52 ./Core/Src/main.o
 .debug_macro   0x000000000000f1ca       0xd5 ./Core/Src/main.o
 .debug_macro   0x000000000000f29f       0x1c ./Core/Src/main.o
 .debug_macro   0x000000000000f2bb       0x3d ./Core/Src/main.o
 .debug_macro   0x000000000000f2f8       0x16 ./Core/Src/main.o
 .debug_macro   0x000000000000f30e      0x145 ./Core/Src/main.o
 .debug_macro   0x000000000000f453       0x16 ./Core/Src/main.o
 .debug_macro   0x000000000000f469       0x20 ./Core/Src/main.o
 .debug_macro   0x000000000000f489      0x1d1 ./Core/Src/stm32f0xx_hal_msp.o
 .debug_macro   0x000000000000f65a      0x1db ./Core/Src/stm32f0xx_it.o
 .debug_macro   0x000000000000f835       0xff ./Core/Src/sysmem.o
 .debug_macro   0x000000000000f934      0x23b ./Core/Src/sysmem.o
 .debug_macro   0x000000000000fb6f      0x1c2 ./Core/Src/system_stm32f0xx.o
 .debug_macro   0x000000000000fd31      0x1db ./Core/Src/tim.o
 .debug_macro   0x000000000000ff0c      0x1db ./Core/Src/usart.o
 .debug_macro   0x00000000000100e7      0x1e6 ./Drivers/STM32F0xx_HAL_Driver/Src/stm32f0xx_hal.o
 .debug_macro   0x00000000000102cd      0x1c2 ./Drivers/STM32F0xx_HAL_Driver/Src/stm32f0xx_hal_cortex.o
 .debug_macro   0x000000000001048f      0x1c9 ./Drivers/STM32F0xx_HAL_Driver/Src/stm32f0xx_hal_gpio.o
 .debug_macro   0x0000000000010658      0x287 ./Drivers/STM32F0xx_HAL_Driver/Src/stm32f0xx_hal_i2c.o
 .debug_macro   0x00000000000108df      0x1c2 ./Drivers/STM32F0xx_HAL_Driver/Src/stm32f0xx_hal_i2c_ex.o
 .debug_macro   0x0000000000010aa1      0x1d4 ./Drivers/STM32F0xx_HAL_Driver/Src/stm32f0xx_hal_rcc.o
 .debug_macro   0x0000000000010c75      0x1c2 ./Drivers/STM32F0xx_HAL_Driver/Src/stm32f0xx_hal_rcc_ex.o
 .debug_macro   0x0000000000010e37      0x1c3 ./Drivers/STM32F0xx_HAL_Driver/Src/stm32f0xx_hal_tim.o
 .debug_macro   0x0000000000010ffa      0x1c2 ./Drivers/STM32F0xx_HAL_Driver/Src/stm32f0xx_hal_tim_ex.o
 .debug_macro   0x00000000000111bc      0x1df ./Drivers/STM32F0xx_HAL_Driver/Src/stm32f0xx_hal_uart.o
 .debug_macro   0x000000000001139b      0x252 ./VL53L1X/Src/VL53L1X_api.o
 .debug_macro   0x00000000000115ed       0x10 ./VL53L1X/Src/VL53L1X_api.o
 .debug_macro   0x00000000000115fd      0x112 ./VL53L1X/Src/VL53L1X_api.o
 .debug_macro   0x000000000001170f      0x40a ./VL53L1X/Src/vl53l1_platform.o
 .debug_macro   0x0000000000011b19      0x126 ./VL53L1X/Src/vl53l1_platform.o
 .debug_macro   0x0000000000011c3f       0x16 ./VL53L1X/Src/vl53l1_platform.o
 .debug_macro   0x0000000000011c55       0x41 ./VL53L1X/Src/vl53l1_platform.o
 .debug_macro   0x0000000000011c96      0x19b ./VL53L1X/Src/vl53l1_platform.o
 .debug_macro   0x0000000000011e31       0x4f ./VL53L1X/Src/vl53l1_platform.o
 .debug_macro   0x0000000000011e80      0x3d9 ./VL53L1X/VL53L1X.o

.debug_line     0x0000000000000000    0x1529a
 .debug_line    0x0000000000000000      0x70d ./Core/Src/gpio.o
 .debug_line    0x000000000000070d      0x754 ./Core/Src/i2c.o
 .debug_line    0x0000000000000e61      0xb3a ./Core/Src/main.o
 .debug_line    0x000000000000199b      0x6d7 ./Core/Src/stm32f0xx_hal_msp.o
 .debug_line    0x0000000000002072      0x73c ./Core/Src/stm32f0xx_it.o
 .debug_line    0x00000000000027ae      0x4ea ./Core/Src/sysmem.o
 .debug_line    0x0000000000002c98      0x747 ./Core/Src/system_stm32f0xx.o
 .debug_line    0x00000000000033df      0x82e ./Core/Src/tim.o
 .debug_line    0x0000000000003c0d      0x747 ./Core/Src/usart.o
 .debug_line    0x0000000000004354       0x89 ./Core/Startup/startup_stm32f030r8tx.o
 .debug_line    0x00000000000043dd      0x952 ./Drivers/STM32F0xx_HAL_Driver/Src/stm32f0xx_hal.o
 .debug_line    0x0000000000004d2f      0x9fe ./Drivers/STM32F0xx_HAL_Driver/Src/stm32f0xx_hal_cortex.o
 .debug_line    0x000000000000572d      0xacf ./Drivers/STM32F0xx_HAL_Driver/Src/stm32f0xx_hal_gpio.o
 .debug_line    0x00000000000061fc     0x32a2 ./Drivers/STM32F0xx_HAL_Driver/Src/stm32f0xx_hal_i2c.o
 .debug_line    0x000000000000949e      0x813 ./Drivers/STM32F0xx_HAL_Driver/Src/stm32f0xx_hal_i2c_ex.o
 .debug_line    0x0000000000009cb1      0xd3e ./Drivers/STM32F0xx_HAL_Driver/Src/stm32f0xx_hal_rcc.o
 .debug_line    0x000000000000a9ef      0x8b1 ./Drivers/STM32F0xx_HAL_Driver/Src/stm32f0xx_hal_rcc_ex.o
 .debug_line    0x000000000000b2a0     0x3634 ./Drivers/STM32F0xx_HAL_Driver/Src/stm32f0xx_hal_tim.o
 .debug_line    0x000000000000e8d4     0x18be ./Drivers/STM32F0xx_HAL_Driver/Src/stm32f0xx_hal_tim_ex.o
 .debug_line    0x0000000000010192     0x2b93 ./Drivers/STM32F0xx_HAL_Driver/Src/stm32f0xx_hal_uart.o
 .debug_line    0x0000000000012d25      0xeb5 ./VL53L1X/Src/VL53L1X_api.o
 .debug_line    0x0000000000013bda      0xbf0 ./VL53L1X/Src/vl53l1_platform.o
 .debug_line    0x00000000000147ca      0xad0 ./VL53L1X/VL53L1X.o

.debug_str      0x0000000000000000    0x68b0a
 .debug_str     0x0000000000000000    0x5e25d ./Core/Src/gpio.o
                                      0x5e4dc (size before relaxing)
 .debug_str     0x000000000005e25d      0x49f ./Core/Src/i2c.o
                                      0x5e9ed (size before relaxing)
 .debug_str     0x000000000005e6fc     0x4675 ./Core/Src/main.o
                                      0x6303d (size before relaxing)
 .debug_str     0x0000000000062d71       0x2c ./Core/Src/stm32f0xx_hal_msp.o
                                      0x5e411 (size before relaxing)
 .debug_str     0x0000000000062d9d       0x82 ./Core/Src/stm32f0xx_it.o
                                      0x5e3f9 (size before relaxing)
 .debug_str     0x0000000000062e1f      0x4da ./Core/Src/sysmem.o
                                       0x5ca0 (size before relaxing)
 .debug_str     0x00000000000632f9       0x8b ./Core/Src/system_stm32f0xx.o
                                      0x5e17b (size before relaxing)
 .debug_str     0x0000000000063384      0x1b5 ./Core/Src/tim.o
                                      0x5eb63 (size before relaxing)
 .debug_str     0x0000000000063539       0x51 ./Core/Src/usart.o
                                      0x5e93c (size before relaxing)
 .debug_str     0x000000000006358a       0x36 ./Core/Startup/startup_stm32f030r8tx.o
                                         0x6a (size before relaxing)
 .debug_str     0x00000000000635c0      0x4ca ./Drivers/STM32F0xx_HAL_Driver/Src/stm32f0xx_hal.o
                                      0x5e70c (size before relaxing)
 .debug_str     0x0000000000063a8a      0x1be ./Drivers/STM32F0xx_HAL_Driver/Src/stm32f0xx_hal_cortex.o
                                      0x5e4fd (size before relaxing)
 .debug_str     0x0000000000063c48      0x113 ./Drivers/STM32F0xx_HAL_Driver/Src/stm32f0xx_hal_gpio.o
                                      0x5e31c (size before relaxing)
 .debug_str     0x0000000000063d5b      0xde8 ./Drivers/STM32F0xx_HAL_Driver/Src/stm32f0xx_hal_i2c.o
                                      0x5f442 (size before relaxing)
 .debug_str     0x0000000000064b43       0x89 ./Drivers/STM32F0xx_HAL_Driver/Src/stm32f0xx_hal_i2c_ex.o
                                      0x5e6be (size before relaxing)
 .debug_str     0x0000000000064bcc      0x20f ./Drivers/STM32F0xx_HAL_Driver/Src/stm32f0xx_hal_rcc.o
                                      0x5e5b7 (size before relaxing)
 .debug_str     0x0000000000064ddb       0x97 ./Drivers/STM32F0xx_HAL_Driver/Src/stm32f0xx_hal_rcc_ex.o
                                      0x5e2c4 (size before relaxing)
 .debug_str     0x0000000000064e72      0xd8c ./Drivers/STM32F0xx_HAL_Driver/Src/stm32f0xx_hal_tim.o
                                      0x5f581 (size before relaxing)
 .debug_str     0x0000000000065bfe      0x493 ./Drivers/STM32F0xx_HAL_Driver/Src/stm32f0xx_hal_tim_ex.o
                                      0x5ed9d (size before relaxing)
 .debug_str     0x0000000000066091      0x847 ./Drivers/STM32F0xx_HAL_Driver/Src/stm32f0xx_hal_uart.o
                                      0x5ee6c (size before relaxing)
 .debug_str     0x00000000000668d8      0xe7b ./VL53L1X/Src/VL53L1X_api.o
                                       0x8aeb (size before relaxing)
 .debug_str     0x0000000000067753     0x133e ./VL53L1X/Src/vl53l1_platform.o
                                      0x63bb9 (size before relaxing)
 .debug_str     0x0000000000068a91       0x79 ./VL53L1X/VL53L1X.o
                                      0x63058 (size before relaxing)

.comment        0x0000000000000000       0x50
 .comment       0x0000000000000000       0x50 ./Core/Src/gpio.o
                                         0x51 (size before relaxing)
 .comment       0x0000000000000050       0x51 ./Core/Src/i2c.o
 .comment       0x0000000000000050       0x51 ./Core/Src/main.o
 .comment       0x0000000000000050       0x51 ./Core/Src/stm32f0xx_hal_msp.o
 .comment       0x0000000000000050       0x51 ./Core/Src/stm32f0xx_it.o
 .comment       0x0000000000000050       0x51 ./Core/Src/sysmem.o
 .comment       0x0000000000000050       0x51 ./Core/Src/system_stm32f0xx.o
 .comment       0x0000000000000050       0x51 ./Core/Src/tim.o
 .comment       0x0000000000000050       0x51 ./Core/Src/usart.o
 .comment       0x0000000000000050       0x51 ./Drivers/STM32F0xx_HAL_Driver/Src/stm32f0xx_hal.o
 .comment       0x0000000000000050       0x51 ./Drivers/STM32F0xx_HAL_Driver/Src/stm32f0xx_hal_cortex.o
 .comment       0x0000000000000050       0x51 ./Drivers/STM32F0xx_HAL_Driver/Src/stm32f0xx_hal_gpio.o
 .comment       0x0000000000000050       0x51 ./Drivers/STM32F0xx_HAL_Driver/Src/stm32f0xx_hal_i2c.o
 .comment       0x0000000000000050       0x51 ./Drivers/STM32F0xx_HAL_Driver/Src/stm32f0xx_hal_i2c_ex.o
 .comment       0x0000000000000050       0x51 ./Drivers/STM32F0xx_HAL_Driver/Src/stm32f0xx_hal_rcc.o
 .comment       0x0000000000000050       0x51 ./Drivers/STM32F0xx_HAL_Driver/Src/stm32f0xx_hal_rcc_ex.o
 .comment       0x0000000000000050       0x51 ./Drivers/STM32F0xx_HAL_Driver/Src/stm32f0xx_hal_tim.o
 .comment       0x0000000000000050       0x51 ./Drivers/STM32F0xx_HAL_Driver/Src/stm32f0xx_hal_tim_ex.o
 .comment       0x0000000000000050       0x51 ./Drivers/STM32F0xx_HAL_Driver/Src/stm32f0xx_hal_uart.o
 .comment       0x0000000000000050       0x51 ./VL53L1X/Src/VL53L1X_api.o
 .comment       0x0000000000000050       0x51 ./VL53L1X/Src/vl53l1_platform.o
 .comment       0x0000000000000050       0x51 ./VL53L1X/VL53L1X.o

.debug_frame    0x0000000000000000     0x403c
 .debug_frame   0x0000000000000000       0x30 ./Core/Src/gpio.o
 .debug_frame   0x0000000000000030       0x6c ./Core/Src/i2c.o
 .debug_frame   0x000000000000009c      0x118 ./Core/Src/main.o
 .debug_frame   0x00000000000001b4       0x30 ./Core/Src/stm32f0xx_hal_msp.o
 .debug_frame   0x00000000000001e4       0x9c ./Core/Src/stm32f0xx_it.o
 .debug_frame   0x0000000000000280       0x30 ./Core/Src/sysmem.o
 .debug_frame   0x00000000000002b0       0x4c ./Core/Src/system_stm32f0xx.o
 .debug_frame   0x00000000000002fc       0xf0 ./Core/Src/tim.o
 .debug_frame   0x00000000000003ec       0x6c ./Core/Src/usart.o
 .debug_frame   0x0000000000000458      0x2a4 ./Drivers/STM32F0xx_HAL_Driver/Src/stm32f0xx_hal.o
 .debug_frame   0x00000000000006fc      0x2a0 ./Drivers/STM32F0xx_HAL_Driver/Src/stm32f0xx_hal_cortex.o
 .debug_frame   0x000000000000099c      0x110 ./Drivers/STM32F0xx_HAL_Driver/Src/stm32f0xx_hal_gpio.o
 .debug_frame   0x0000000000000aac      0xa24 ./Drivers/STM32F0xx_HAL_Driver/Src/stm32f0xx_hal_i2c.o
 .debug_frame   0x00000000000014d0       0x90 ./Drivers/STM32F0xx_HAL_Driver/Src/stm32f0xx_hal_i2c_ex.o
 .debug_frame   0x0000000000001560      0x198 ./Drivers/STM32F0xx_HAL_Driver/Src/stm32f0xx_hal_rcc.o
 .debug_frame   0x00000000000016f8       0x70 ./Drivers/STM32F0xx_HAL_Driver/Src/stm32f0xx_hal_rcc_ex.o
 .debug_frame   0x0000000000001768      0xf00 ./Drivers/STM32F0xx_HAL_Driver/Src/stm32f0xx_hal_tim.o
 .debug_frame   0x0000000000002668      0x560 ./Drivers/STM32F0xx_HAL_Driver/Src/stm32f0xx_hal_tim_ex.o
 .debug_frame   0x0000000000002bc8      0x810 ./Drivers/STM32F0xx_HAL_Driver/Src/stm32f0xx_hal_uart.o
 .debug_frame   0x00000000000033d8      0x5c0 ./VL53L1X/Src/VL53L1X_api.o
 .debug_frame   0x0000000000003998      0x154 ./VL53L1X/Src/vl53l1_platform.o
 .debug_frame   0x0000000000003aec      0x110 ./VL53L1X/VL53L1X.o
 .debug_frame   0x0000000000003bfc       0x20 c:/st/stm32cubeide_1.10.1/stm32cubeide/plugins/com.st.stm32cube.ide.mcu.externaltools.gnu-tools-for-stm32.10.3-2021.10.win32_1.0.0.202111181127/tools/bin/../lib/gcc/arm-none-eabi/10.3.1/../../../../arm-none-eabi/lib/thumb/v6-m/nofp\libc_nano.a(lib_a-errno.o)
 .debug_frame   0x0000000000003c1c       0x2c c:/st/stm32cubeide_1.10.1/stm32cubeide/plugins/com.st.stm32cube.ide.mcu.externaltools.gnu-tools-for-stm32.10.3-2021.10.win32_1.0.0.202111181127/tools/bin/../lib/gcc/arm-none-eabi/10.3.1/../../../../arm-none-eabi/lib/thumb/v6-m/nofp\libc_nano.a(lib_a-init.o)
 .debug_frame   0x0000000000003c48       0x28 c:/st/stm32cubeide_1.10.1/stm32cubeide/plugins/com.st.stm32cube.ide.mcu.externaltools.gnu-tools-for-stm32.10.3-2021.10.win32_1.0.0.202111181127/tools/bin/../lib/gcc/arm-none-eabi/10.3.1/../../../../arm-none-eabi/lib/thumb/v6-m/nofp\libc_nano.a(lib_a-memcpy-stub.o)
 .debug_frame   0x0000000000003c70       0x20 c:/st/stm32cubeide_1.10.1/stm32cubeide/plugins/com.st.stm32cube.ide.mcu.externaltools.gnu-tools-for-stm32.10.3-2021.10.win32_1.0.0.202111181127/tools/bin/../lib/gcc/arm-none-eabi/10.3.1/../../../../arm-none-eabi/lib/thumb/v6-m/nofp\libc_nano.a(lib_a-memset.o)
 .debug_frame   0x0000000000003c90       0x48 c:/st/stm32cubeide_1.10.1/stm32cubeide/plugins/com.st.stm32cube.ide.mcu.externaltools.gnu-tools-for-stm32.10.3-2021.10.win32_1.0.0.202111181127/tools/bin/../lib/gcc/arm-none-eabi/10.3.1/../../../../arm-none-eabi/lib/thumb/v6-m/nofp\libc_nano.a(lib_a-sprintf.o)
 .debug_frame   0x0000000000003cd8       0x74 c:/st/stm32cubeide_1.10.1/stm32cubeide/plugins/com.st.stm32cube.ide.mcu.externaltools.gnu-tools-for-stm32.10.3-2021.10.win32_1.0.0.202111181127/tools/bin/../lib/gcc/arm-none-eabi/10.3.1/../../../../arm-none-eabi/lib/thumb/v6-m/nofp\libc_nano.a(lib_a-nano-svfprintf.o)
 .debug_frame   0x0000000000003d4c       0x54 c:/st/stm32cubeide_1.10.1/stm32cubeide/plugins/com.st.stm32cube.ide.mcu.externaltools.gnu-tools-for-stm32.10.3-2021.10.win32_1.0.0.202111181127/tools/bin/../lib/gcc/arm-none-eabi/10.3.1/../../../../arm-none-eabi/lib/thumb/v6-m/nofp\libc_nano.a(lib_a-nano-vfprintf_i.o)
 .debug_frame   0x0000000000003da0       0x20 c:/st/stm32cubeide_1.10.1/stm32cubeide/plugins/com.st.stm32cube.ide.mcu.externaltools.gnu-tools-for-stm32.10.3-2021.10.win32_1.0.0.202111181127/tools/bin/../lib/gcc/arm-none-eabi/10.3.1/../../../../arm-none-eabi/lib/thumb/v6-m/nofp\libc_nano.a(lib_a-memchr-stub.o)
 .debug_frame   0x0000000000003dc0       0x28 c:/st/stm32cubeide_1.10.1/stm32cubeide/plugins/com.st.stm32cube.ide.mcu.externaltools.gnu-tools-for-stm32.10.3-2021.10.win32_1.0.0.202111181127/tools/bin/../lib/gcc/arm-none-eabi/10.3.1/../../../../arm-none-eabi/lib/thumb/v6-m/nofp\libc_nano.a(lib_a-memmove.o)
 .debug_frame   0x0000000000003de8       0x2c c:/st/stm32cubeide_1.10.1/stm32cubeide/plugins/com.st.stm32cube.ide.mcu.externaltools.gnu-tools-for-stm32.10.3-2021.10.win32_1.0.0.202111181127/tools/bin/../lib/gcc/arm-none-eabi/10.3.1/../../../../arm-none-eabi/lib/thumb/v6-m/nofp\libc_nano.a(lib_a-nano-freer.o)
 .debug_frame   0x0000000000003e14       0x50 c:/st/stm32cubeide_1.10.1/stm32cubeide/plugins/com.st.stm32cube.ide.mcu.externaltools.gnu-tools-for-stm32.10.3-2021.10.win32_1.0.0.202111181127/tools/bin/../lib/gcc/arm-none-eabi/10.3.1/../../../../arm-none-eabi/lib/thumb/v6-m/nofp\libc_nano.a(lib_a-nano-mallocr.o)
 .debug_frame   0x0000000000003e64       0x34 c:/st/stm32cubeide_1.10.1/stm32cubeide/plugins/com.st.stm32cube.ide.mcu.externaltools.gnu-tools-for-stm32.10.3-2021.10.win32_1.0.0.202111181127/tools/bin/../lib/gcc/arm-none-eabi/10.3.1/../../../../arm-none-eabi/lib/thumb/v6-m/nofp\libc_nano.a(lib_a-nano-reallocr.o)
 .debug_frame   0x0000000000003e98       0x2c c:/st/stm32cubeide_1.10.1/stm32cubeide/plugins/com.st.stm32cube.ide.mcu.externaltools.gnu-tools-for-stm32.10.3-2021.10.win32_1.0.0.202111181127/tools/bin/../lib/gcc/arm-none-eabi/10.3.1/../../../../arm-none-eabi/lib/thumb/v6-m/nofp\libc_nano.a(lib_a-sbrkr.o)
 .debug_frame   0x0000000000003ec4       0x40 c:/st/stm32cubeide_1.10.1/stm32cubeide/plugins/com.st.stm32cube.ide.mcu.externaltools.gnu-tools-for-stm32.10.3-2021.10.win32_1.0.0.202111181127/tools/bin/../lib/gcc/arm-none-eabi/10.3.1/../../../../arm-none-eabi/lib/thumb/v6-m/nofp\libc_nano.a(lib_a-mlock.o)
 .debug_frame   0x0000000000003f04       0x20 c:/st/stm32cubeide_1.10.1/stm32cubeide/plugins/com.st.stm32cube.ide.mcu.externaltools.gnu-tools-for-stm32.10.3-2021.10.win32_1.0.0.202111181127/tools/bin/../lib/gcc/arm-none-eabi/10.3.1/../../../../arm-none-eabi/lib/thumb/v6-m/nofp\libc_nano.a(lib_a-nano-msizer.o)
 .debug_frame   0x0000000000003f24       0x48 c:/st/stm32cubeide_1.10.1/stm32cubeide/plugins/com.st.stm32cube.ide.mcu.externaltools.gnu-tools-for-stm32.10.3-2021.10.win32_1.0.0.202111181127/tools/bin/../lib/gcc/arm-none-eabi/10.3.1/../../../../arm-none-eabi/lib/thumb/v6-m/nofp\libc_nano.a(lib_a-reent.o)
 .debug_frame   0x0000000000003f6c       0xb0 c:/st/stm32cubeide_1.10.1/stm32cubeide/plugins/com.st.stm32cube.ide.mcu.externaltools.gnu-tools-for-stm32.10.3-2021.10.win32_1.0.0.202111181127/tools/bin/../lib/gcc/arm-none-eabi/10.3.1/../../../../arm-none-eabi/lib/thumb/v6-m/nofp\libc_nano.a(lib_a-lock.o)
 .debug_frame   0x000000000000401c       0x20 c:/st/stm32cubeide_1.10.1/stm32cubeide/plugins/com.st.stm32cube.ide.mcu.externaltools.gnu-tools-for-stm32.10.3-2021.10.win32_1.0.0.202111181127/tools/bin/../lib/gcc/arm-none-eabi/10.3.1/thumb/v6-m/nofp\libgcc.a(_udivsi3.o)
