../Core/Src/main.c:115:6:init	16	static
../Core/Src/main.c:148:6:correct	8	static
../Core/Src/main.c:174:8:findTurnMagnitude	48	static
../Core/Src/main.c:184:6:setServoTurnLeft	40	static
../Core/Src/main.c:195:6:setServoTurnRight	40	static
../Core/Src/main.c:201:6:findServoTarget	24	static
../Core/Src/main.c:225:6:driveSmoothServo	16	static
../Core/Src/main.c:265:6:sense	8	static
../Core/Src/main.c:298:6:plan	8	static
../Core/Src/main.c:305:6:act	24	static
../Core/Src/main.c:335:5:main	8	static
../Core/Src/main.c:392:6:SystemClock_Config	96	static
../Core/Src/main.c:441:6:Error_Handler	8	static,ignoring_inline_asm
