../Core/Src/main.c:105:6:init	16	static
../Core/Src/main.c:127:6:correct	8	static
../Core/Src/main.c:162:8:findTurnMagnitude	48	static
../Core/Src/main.c:172:6:setServoTurnLeft	40	static
../Core/Src/main.c:178:6:setServoTurnRight	40	static
../Core/Src/main.c:184:6:findServoTarget	24	static
../Core/Src/main.c:196:6:findTargetSpeed	16	static
../Core/Src/main.c:208:6:driveSmoothServo	16	static
../Core/Src/main.c:242:6:drive_by_servo	8	static
../Core/Src/main.c:283:6:sense	8	static
../Core/Src/main.c:313:6:plan	8	static
../Core/Src/main.c:320:6:act	24	static
../Core/Src/main.c:350:5:main	8	static
../Core/Src/main.c:407:6:SystemClock_Config	96	static
../Core/Src/main.c:456:6:Error_Handler	8	static,ignoring_inline_asm
